{"run": "run-cddbe7f8d9ac48bfb9acfe8ab94e4170", "temporary_directory": "/workspace/scratch/0190a8c72f8a/aperture-tmp/run-cddbe7f8d9ac48bfb9acfe8ab94e4170"}
Canonical spec digest verified: e9a0de1cfa770b52ac0e1682cc981cd3c42af43d077f50d4ebe61eb509df052f
{"status":"verified-prepared-unfrozen","files":6448,"artifacts":7,"browsersLaunched":0,"nativeActivation":"unrun"}
✔ exact seven-session fourteen-state bounded contract (1.303043ms)
✔ all real ECS instances share explicit handles; once-per-handle cardinality changes and byte-exact resets (4791.864911ms)
INDEXED_FANOUT_CPU_SUMMARY {"kind":"CPU-only exploratory fixture validation; not native GPU proof","sessions":[{"session":"live","state":"s00-baseline","shared":true,"entityCount":13,"uniqueMeshHandles":5,"publications":0,"actualMirrorEntriesUpdated":10,"versions":[1,1,1,1,1,1,1,1,1]},{"session":"live","state":"s01-baseline--noop","shared":true,"entityCount":13,"uniqueMeshHandles":5,"publications":0,"actualMirrorEntriesUpdated":0,"versions":[1,1,1,1,1,1,1,1,1]},{"session":"live","state":"s02-grow","shared":true,"entityCount":13,"uniqueMeshHandles":5,"publications":3,"actualMirrorEntriesUpdated":3,"versions":[2,2,2,2,2,2,2,2,2]},{"session":"live","state":"s03-grow--noop","shared":true,"entityCount":13,"uniqueMeshHandles":5,"publications":3,"actualMirrorEntriesUpdated":0,"versions":[2,2,2,2,2,2,2,2,2]},{"session":"live","state":"s04-shrink","shared":true,"entityCount":13,"uniqueMeshHandles":5,"publications":6,"actualMirrorEntriesUpdated":3,"versions":[3,3,3,3,3,3,3,3,3]},{"session":"live","state":"s05-baseline","shared":true,"entityCount":13,"uniqueMeshHandles":5,"publications":9,"actualMirrorEntriesUpdated":3,"versions":[4,4,4,4,4,4,4,4,4]},{"session":"live","state":"s06-grow","shared":true,"entityCount":13,"uniqueMeshHandles":5,"publications":12,"actualMirrorEntriesUpdated":3,"versions":[5,5,5,5,5,5,5,5,5]},{"session":"live","state":"s07-baseline","shared":true,"entityCount":13,"uniqueMeshHandles":5,"publications":15,"actualMirrorEntriesUpdated":3,"versions":[6,6,6,6,6,6,6,6,6]},{"session":"shared-baseline","state":"s00-shared-baseline","shared":true,"entityCount":13,"uniqueMeshHandles":5,"publications":0,"actualMirrorEntriesUpdated":10,"versions":[1,1,1,1,1,1,1,1,1]},{"session":"shared-grow","state":"s00-shared-grow","shared":true,"entityCount":13,"uniqueMeshHandles":5,"publications":0,"actualMirrorEntriesUpdated":10,"versions":[1,1,1,1,1,1,1,1,1]},{"session":"shared-shrink","state":"s00-shared-shrink","shared":true,"entityCount":13,"uniqueMeshHandles":5,"publications":0,"actualMirrorEntriesUpdated":10,"versions":[1,1,1,1,1,1,1,1,1]},{"session":"unshared-baseline","state":"s00-unshared-baseline","shared":false,"entityCount":13,"uniqueMeshHandles":11,"publications":0,"actualMirrorEntriesUpdated":16,"versions":[1,1,1,1,1,1,1,1,1]},{"session":"unshared-grow","state":"s00-unshared-grow","shared":false,"entityCount":13,"uniqueMeshHandles":11,"publications":0,"actualMirrorEntriesUpdated":16,"versions":[1,1,1,1,1,1,1,1,1]},{"session":"unshared-shrink","state":"s00-unshared-shrink","shared":false,"entityCount":13,"uniqueMeshHandles":11,"publications":0,"actualMirrorEntriesUpdated":16,"versions":[1,1,1,1,1,1,1,1,1]}],"negativeControls":["missing-second","missing-third","stale-second","stale-third","duplicate-publication","wrong-transform","stale-range","missing-index-buffer","stale-index-range","stale-raw-index","missing-snapshot-second","stale-snapshot-third","stale-mirror-version","stale-mirror-bytes","old-shadow-after-clear-only","wrong-sampled-shadow-content","not-submitted","orphan-command","wrong-count","wrong-start","wrong-first-instance","missing-second-instance","missing-third-instance","wrong-exact-vertex-buffer","wrong-exact-transform-buffer","wrong-bound-range","wrong-bound-offset","unwritten-active-bytes","stale-upload","guessed-pass-label","wrong-shadow-texture","wrong-indirect-active-count","wrong-indirect-first-instance","wrong-indirect-three-instance-count","wrong-indirect-first-index","negative-signed-base-vertex","positive-base-vertex","different-argument-buffer-same-label","first-instance-feature-missing","wrong-index-buffer-object","wrong-index-format","wrong-index-binding-offset","truncated-index-binding","stale-index-bytes","wrong-index-submit-version","index-gpu-storage-usage","index-query-resolve-usage","index-unproven-mutation","stale-indirect-argument-submission","unsubmitted-indirect-draw","wrong-indirect-object-same-label","indirect-stale-geometry-bytes","indirect-wrong-packed-transform"],"browsersLaunched":0,"serversStarted":0,"identityIndexing":{"topologies":3,"pipeInstancesPerState":9,"originalCornerStreamsExact":true,"localBoundsExact":true,"deduplication":false,"memoryClaim":false},"indexedCommandChain":{"actualCompiledPlanner":true,"actualCompiledConverter":true,"actualCompiledExecutor":true,"simulatedDeviceOnly":true,"slotBytes":20,"decoded":[[288,3,0,0,0],[288,3,0,0,3],[96,3,0,0,6]],"methods":["drawIndexedIndirect","drawIndexedIndirect","drawIndexedIndirect"],"nativeExecution":false},"indexedCommandChains":[{"session":"shared-baseline","actualCompiledPlanner":true,"actualCompiledConverter":true,"actualCompiledExecutor":true,"simulatedDeviceOnly":true,"slotBytes":20,"decoded":[[864,3,0,0,0],[864,3,0,0,3],[144,3,0,0,6]],"methods":["drawIndexedIndirect","drawIndexedIndirect","drawIndexedIndirect"],"nativeExecution":false},{"session":"shared-grow","actualCompiledPlanner":true,"actualCompiledConverter":true,"actualCompiledExecutor":true,"simulatedDeviceOnly":true,"slotBytes":20,"decoded":[[2304,3,0,0,0],[2304,3,0,0,3],[192,3,0,0,6]],"methods":["drawIndexedIndirect","drawIndexedIndirect","drawIndexedIndirect"],"nativeExecution":false},{"session":"shared-shrink","actualCompiledPlanner":true,"actualCompiledConverter":true,"actualCompiledExecutor":true,"simulatedDeviceOnly":true,"slotBytes":20,"decoded":[[288,3,0,0,0],[288,3,0,0,3],[96,3,0,0,6]],"methods":["drawIndexedIndirect","drawIndexedIndirect","drawIndexedIndirect"],"nativeExecution":false}],"eligibility":{"actualCompiledPacking":true,"actualCompiledDrawList":true,"coalescedRuns":[{"mesh":"prepared-mesh:mesh:pipe.hollow-elbow.inner.mesh","instances":3,"packedOffset":0},{"mesh":"prepared-mesh:mesh:pipe.hollow-elbow.outer.mesh","instances":3,"packedOffset":48},{"mesh":"prepared-mesh:mesh:pipe.hollow-elbow.rims.mesh","instances":3,"packedOffset":96}],"unsharedPacked":false,"nativeActivation":"unrun"},"syntheticCaptureBytes":6671747,"indirectSyntheticCaptureBytes":6671747,"compiledIndirectRoute":{"actualCompiledConversion":true,"actualCompiledExecutor":true,"argumentAllocationUsage":264,"slotBytes":20,"formats":[16,20],"nativeExecution":false},"sizeEstimates":{"rows":[{"session":"shared-grow","syntheticEvidenceBytes":6671176,"metadataReserveBytes":2097152,"maximumRecordBytes":16777216},{"session":"unshared-grow","syntheticEvidenceBytes":10480220,"metadataReserveBytes":2097152,"maximumRecordBytes":16777216}],"limitation":"CPU synthetic geometry/byte inventories plus conservative metadata reserve; actual native record remains independently bounded and must fail rather than exceed the unchanged gate."}}
✔ identity indexing preserves exact corner streams, normals, UVs and bounds at every topology (33.470368ms)
✔ actual installed packing and coalescing algorithms activate for all three shared groups (13.031898ms)
✔ fail-closed controls cover missing/stale second and third instances and per-entity publications (1375.291363ms)
✔ synthetic native joins reject wrong ranges, packed offsets, exact buffer objects and orphan commands (5903.059557ms)
✔ source-pinned shadow classifier equals installed built-in shader (9.564487ms)
▶ three indirect pipe draws retain exact current geometry, three instances and packed-transform gates
  ✔ wrong-indirect-active-count (297.343845ms)
  ✔ wrong-indirect-first-instance (316.900658ms)
  ✔ wrong-indirect-three-instance-count (349.748732ms)
  ✔ wrong-indirect-first-index (343.026634ms)
  ✔ negative-signed-base-vertex (385.595548ms)
  ✔ positive-base-vertex (325.312352ms)
  ✔ different-argument-buffer-same-label (408.241103ms)
  ✔ first-instance-feature-missing (569.675663ms)
  ✔ wrong-index-buffer-object (469.259817ms)
  ✔ wrong-index-format (292.42689ms)
  ✔ wrong-index-binding-offset (288.0513ms)
  ✔ truncated-index-binding (279.741081ms)
  ✔ stale-index-bytes (288.272801ms)
  ✔ wrong-index-submit-version (293.707116ms)
  ✔ index-gpu-storage-usage (313.16911ms)
  ✔ index-query-resolve-usage (279.643914ms)
  ✔ index-unproven-mutation (328.008811ms)
  ✔ stale-indirect-argument-submission (373.634225ms)
  ✔ unsubmitted-indirect-draw (294.005375ms)
  ✔ wrong-indirect-object-same-label (278.394629ms)
  ✔ indirect-stale-geometry-bytes (349.814074ms)
  ✔ indirect-wrong-packed-transform (311.610649ms)
✔ three indirect pipe draws retain exact current geometry, three instances and packed-transform gates (7928.691926ms)
✔ installed indirect conversion and native executor preserve 20-byte slots, 16/20-byte payloads and actual method (0.943978ms)
✔ bounded serialized synthetic capture estimates retain sixteen MiB recorder gate (342.421758ms)
✔ nonindexed sentinel accepts an unused retained index binding (49.240863ms)
▶ synthetic renderer diagnostics preserve prepared versions, cache, no-op and reset gates
  ✔ stale-prepared-source-version (46.54345ms)
  ✔ missing-prepared-source (45.199656ms)
  ✔ wrong-retained-cache-inventory (44.121127ms)
  ✔ noop-geometry-allocation (15.804109ms)
  ✔ noop-shadow-cache-miss (18.169472ms)
  ✔ reset-geometry-allocation (17.194866ms)
✔ synthetic renderer diagnostics preserve prepared versions, cache, no-op and reset gates (410.106868ms)
✔ 16/20-byte argument formats retain method, nonzero slot offsets and signed baseVertex (4.58666ms)
▶ indirect evidence fails closed on truncation, alignment, initialization, object, version and usage defects
  ✔ missing-buffer (0.44009ms)
  ✔ misaligned-offset (0.602843ms)
  ✔ negative-offset (0.236634ms)
  ✔ unsafe-offset (0.183958ms)
  ✔ truncated-allocation (0.137604ms)
  ✔ truncated-preserved-bytes (2.213864ms)
  ✔ missing-written-ranges (0.242526ms)
  ✔ unwritten-last-byte (0.28702ms)
  ✔ unwritten-middle (0.694384ms)
  ✔ invalid-byte (0.581844ms)
  ✔ sparse-byte (0.161438ms)
  ✔ same-label-different-object (0.138489ms)
  ✔ ambiguous-object (0.332177ms)
  ✔ stale-submission (1.011065ms)
  ✔ missing-version (0.272278ms)
  ✔ zero-version (0.546197ms)
  ✔ destroyed-buffer (0.294419ms)
  ✔ no-upload (0.203682ms)
  ✔ missing-indirect-usage (0.217029ms)
  ✔ gpu-storage-writable (0.096783ms)
  ✔ query-resolve-writable (0.267262ms)
  ✔ unproven-copy-clear (0.163112ms)
  ✔ missing-uncertainty-record (0.09304ms)
  ✔ first-instance-feature-absent (0.128696ms)
  ✔ unsubmitted-command (0.606087ms)
  ✔ wrong-encoder (0.189111ms)
  ✔ orphan-submission (0.086453ms)
  ✔ fabricated-direct-count (0.144631ms)
  ✔ fabricated-direct-instance-count (0.107304ms)
✔ indirect evidence fails closed on truncation, alignment, initialization, object, version and usage defects (14.482957ms)
✔ actual indirect call buffer/offset and submit-time versions survive bundles, rewrites and later writes (2.838607ms)
✔ observer captures indexed signed arguments and refuses same-label substitution, unsubmitted and failed submission (1.117218ms)
▶ encoded copy/clear/texture/query mutations fail closed only after submission and CPU overwrites reestablish exact ranges
  ✔ copyBufferToBuffer (1.477352ms)
  ✔ clearBuffer (0.934381ms)
  ✔ copyTextureToBuffer (0.664015ms)
  ✔ resolveQuerySet (2.144417ms)
✔ encoded copy/clear/texture/query mutations fail closed only after submission and CPU overwrites reestablish exact ranges (5.798132ms)
✔ GPU-writable arguments remain unproven even after complete CPU upload (0.450042ms)
✔ observer preserves submit object joins, bundles, changed buffer versions and honest texture cache invalidation (9.824091ms)
ℹ tests 80
ℹ suites 0
ℹ pass 80
ℹ fail 0
ℹ cancelled 0
ℹ skipped 0
ℹ todo 0
ℹ duration_ms 21016.727128
