
> @aperture-engine/workspace@0.3.0 format:check /workspace/scratch/0190a8c72f8a/aperture-recovery-20261002
> prettier --check .

Checking formatting...
[warn] benchmarks/cottage-comparison-20261002/a-v1-pins.json
[warn] benchmarks/cottage-comparison-20261002/ANALYSIS.md
[warn] benchmarks/cottage-comparison-20261002/b-v1-pins.json
[warn] benchmarks/cottage-comparison-20261002/independent-geometry-checks.json
[warn] benchmarks/cottage-comparison-20261002/renders/a/attempt-001/result.json
[warn] benchmarks/cottage-comparison-20261002/renders/a/attempt-002/result.json
[warn] benchmarks/cottage-comparison-20261002/renders/a/attempt-003/result.json
[warn] benchmarks/cottage-comparison-20261002/renders/a/attempt-004/result.json
[warn] benchmarks/cottage-comparison-20261002/renders/a/attempt-005/result.json
[warn] benchmarks/cottage-comparison-20261002/renders/a/attempt-006/result.json
[warn] benchmarks/cottage-comparison-20261002/renders/a/attempt-007/result.json
[warn] benchmarks/cottage-comparison-20261002/renders/a/attempt-008/result.json
[warn] benchmarks/cottage-comparison-20261002/renders/b/attempt-002/result.json
[warn] benchmarks/cottage-comparison-20261002/renders/b/attempt-003/result.json
[warn] benchmarks/cottage-comparison-20261002/renders/b/attempt-004/result.json
[warn] benchmarks/cottage-comparison-20261002/renders/b/attempt-005/result.json
[warn] benchmarks/cottage-comparison-20261002/renders/b/attempt-006/result.json
[warn] benchmarks/cottage-comparison-20261002/renders/b/attempt-007/result.json
[warn] benchmarks/cottage-comparison-20261002/renders/b/attempt-008/result.json
[warn] benchmarks/cottage-comparison-20261002/review-one.md
[warn] benchmarks/cottage-comparison-20261002/review-two.md
[warn] benchmarks/cottage-comparison-20261002/run-v2.mjs
[warn] benchmarks/cottage-comparison-20261002/run.mjs
[warn] benchmarks/cottage-comparison-20261002/sources/a-v1/config.mjs
[warn] benchmarks/cottage-comparison-20261002/sources/a-v1/cottage-scene.mjs
[warn] benchmarks/cottage-comparison-20261002/sources/a-v1/index.html
[warn] benchmarks/cottage-comparison-20261002/sources/a-v1/main.mjs
[warn] benchmarks/cottage-comparison-20261002/sources/a-v1/part-data.mjs
[warn] benchmarks/cottage-comparison-20261002/sources/a-v1/worker.mjs
[warn] benchmarks/cottage-comparison-20261002/sources/a-v2/config.mjs
[warn] benchmarks/cottage-comparison-20261002/sources/a-v2/cottage-scene.mjs
[warn] benchmarks/cottage-comparison-20261002/sources/a-v2/index.html
[warn] benchmarks/cottage-comparison-20261002/sources/a-v2/main.mjs
[warn] benchmarks/cottage-comparison-20261002/sources/a-v2/part-data.mjs
[warn] benchmarks/cottage-comparison-20261002/sources/a-v2/worker.mjs
[warn] benchmarks/cottage-comparison-20261002/sources/b-v1/index.html
[warn] benchmarks/cottage-comparison-20261002/sources/b-v1/scene.mjs
[warn] benchmarks/cottage-comparison-20261002/sources/b-v2/index.html
[warn] benchmarks/cottage-comparison-20261002/sources/b-v2/scene.mjs
[warn] benchmarks/cottage-comparison-20261002/v2-batch-pins.json
[warn] benchmarks/cottage-eave-diagnostic-20261002/measurements.json
[warn] benchmarks/cottage-eave-diagnostic-20261002/renders/01-front-baseline/result.json
[warn] benchmarks/cottage-eave-diagnostic-20261002/renders/02-front-shadow-off/result.json
[warn] benchmarks/cottage-eave-diagnostic-20261002/renders/03-front-bloom-off/result.json
[warn] benchmarks/cottage-eave-diagnostic-20261002/renders/04-front-hard/result.json
[warn] benchmarks/cottage-eave-diagnostic-20261002/renders/05-front-weighted-pcf/result.json
[warn] benchmarks/cottage-eave-diagnostic-20261002/renders/06-front-radius-one/result.json
[warn] benchmarks/cottage-eave-diagnostic-20261002/renders/07-front-bias-zero/result.json
[warn] benchmarks/cottage-eave-diagnostic-20261002/renders/08-front-bias-high/result.json
[warn] benchmarks/cottage-eave-diagnostic-20261002/renders/09-front-normal-zero/result.json
[warn] benchmarks/cottage-eave-diagnostic-20261002/renders/10-front-roof-casting-off/result.json
[warn] benchmarks/cottage-eave-diagnostic-20261002/renders/11-rear-baseline/result.json
[warn] benchmarks/cottage-eave-diagnostic-20261002/renders/12-rear-radius-one/result.json
[warn] benchmarks/cottage-eave-diagnostic-20261002/REPORT.md
[warn] benchmarks/cottage-eave-diagnostic-20261002/run-case.mjs
[warn] benchmarks/cottage-eave-diagnostic-20261002/sources/01-front-baseline/config.mjs
[warn] benchmarks/cottage-eave-diagnostic-20261002/sources/01-front-baseline/cottage-scene.mjs
[warn] benchmarks/cottage-eave-diagnostic-20261002/sources/01-front-baseline/index.html
[warn] benchmarks/cottage-eave-diagnostic-20261002/sources/01-front-baseline/main.mjs
[warn] benchmarks/cottage-eave-diagnostic-20261002/sources/01-front-baseline/part-data.mjs
[warn] benchmarks/cottage-eave-diagnostic-20261002/sources/01-front-baseline/worker.mjs
[warn] benchmarks/cottage-eave-diagnostic-20261002/sources/02-front-shadow-off/config.mjs
[warn] benchmarks/cottage-eave-diagnostic-20261002/sources/02-front-shadow-off/cottage-scene.mjs
[warn] benchmarks/cottage-eave-diagnostic-20261002/sources/02-front-shadow-off/index.html
[warn] benchmarks/cottage-eave-diagnostic-20261002/sources/02-front-shadow-off/main.mjs
[warn] benchmarks/cottage-eave-diagnostic-20261002/sources/02-front-shadow-off/part-data.mjs
[warn] benchmarks/cottage-eave-diagnostic-20261002/sources/02-front-shadow-off/worker.mjs
[warn] benchmarks/cottage-eave-diagnostic-20261002/sources/03-front-bloom-off/config.mjs
[warn] benchmarks/cottage-eave-diagnostic-20261002/sources/03-front-bloom-off/cottage-scene.mjs
[warn] benchmarks/cottage-eave-diagnostic-20261002/sources/03-front-bloom-off/index.html
[warn] benchmarks/cottage-eave-diagnostic-20261002/sources/03-front-bloom-off/main.mjs
[warn] benchmarks/cottage-eave-diagnostic-20261002/sources/03-front-bloom-off/part-data.mjs
[warn] benchmarks/cottage-eave-diagnostic-20261002/sources/03-front-bloom-off/worker.mjs
[warn] benchmarks/cottage-eave-diagnostic-20261002/sources/04-front-hard/config.mjs
[warn] benchmarks/cottage-eave-diagnostic-20261002/sources/04-front-hard/cottage-scene.mjs
[warn] benchmarks/cottage-eave-diagnostic-20261002/sources/04-front-hard/index.html
[warn] benchmarks/cottage-eave-diagnostic-20261002/sources/04-front-hard/main.mjs
[warn] benchmarks/cottage-eave-diagnostic-20261002/sources/04-front-hard/part-data.mjs
[warn] benchmarks/cottage-eave-diagnostic-20261002/sources/04-front-hard/worker.mjs
[warn] benchmarks/cottage-eave-diagnostic-20261002/sources/05-front-weighted-pcf/config.mjs
[warn] benchmarks/cottage-eave-diagnostic-20261002/sources/05-front-weighted-pcf/cottage-scene.mjs
[warn] benchmarks/cottage-eave-diagnostic-20261002/sources/05-front-weighted-pcf/index.html
[warn] benchmarks/cottage-eave-diagnostic-20261002/sources/05-front-weighted-pcf/main.mjs
[warn] benchmarks/cottage-eave-diagnostic-20261002/sources/05-front-weighted-pcf/part-data.mjs
[warn] benchmarks/cottage-eave-diagnostic-20261002/sources/05-front-weighted-pcf/worker.mjs
[warn] benchmarks/cottage-eave-diagnostic-20261002/sources/06-front-radius-one/config.mjs
[warn] benchmarks/cottage-eave-diagnostic-20261002/sources/06-front-radius-one/cottage-scene.mjs
[warn] benchmarks/cottage-eave-diagnostic-20261002/sources/06-front-radius-one/index.html
[warn] benchmarks/cottage-eave-diagnostic-20261002/sources/06-front-radius-one/main.mjs
[warn] benchmarks/cottage-eave-diagnostic-20261002/sources/06-front-radius-one/part-data.mjs
[warn] benchmarks/cottage-eave-diagnostic-20261002/sources/06-front-radius-one/worker.mjs
[warn] benchmarks/cottage-eave-diagnostic-20261002/sources/07-front-bias-zero/config.mjs
[warn] benchmarks/cottage-eave-diagnostic-20261002/sources/07-front-bias-zero/cottage-scene.mjs
[warn] benchmarks/cottage-eave-diagnostic-20261002/sources/07-front-bias-zero/index.html
[warn] benchmarks/cottage-eave-diagnostic-20261002/sources/07-front-bias-zero/main.mjs
[warn] benchmarks/cottage-eave-diagnostic-20261002/sources/07-front-bias-zero/part-data.mjs
[warn] benchmarks/cottage-eave-diagnostic-20261002/sources/07-front-bias-zero/worker.mjs
[warn] benchmarks/cottage-eave-diagnostic-20261002/sources/08-front-bias-high/config.mjs
[warn] benchmarks/cottage-eave-diagnostic-20261002/sources/08-front-bias-high/cottage-scene.mjs
[warn] benchmarks/cottage-eave-diagnostic-20261002/sources/08-front-bias-high/index.html
[warn] benchmarks/cottage-eave-diagnostic-20261002/sources/08-front-bias-high/main.mjs
[warn] benchmarks/cottage-eave-diagnostic-20261002/sources/08-front-bias-high/part-data.mjs
[warn] benchmarks/cottage-eave-diagnostic-20261002/sources/08-front-bias-high/worker.mjs
[warn] benchmarks/cottage-eave-diagnostic-20261002/sources/09-front-normal-zero/config.mjs
[warn] benchmarks/cottage-eave-diagnostic-20261002/sources/09-front-normal-zero/cottage-scene.mjs
[warn] benchmarks/cottage-eave-diagnostic-20261002/sources/09-front-normal-zero/index.html
[warn] benchmarks/cottage-eave-diagnostic-20261002/sources/09-front-normal-zero/main.mjs
[warn] benchmarks/cottage-eave-diagnostic-20261002/sources/09-front-normal-zero/part-data.mjs
[warn] benchmarks/cottage-eave-diagnostic-20261002/sources/09-front-normal-zero/worker.mjs
[warn] benchmarks/cottage-eave-diagnostic-20261002/sources/10-front-roof-casting-off/config.mjs
[warn] benchmarks/cottage-eave-diagnostic-20261002/sources/10-front-roof-casting-off/cottage-scene.mjs
[warn] benchmarks/cottage-eave-diagnostic-20261002/sources/10-front-roof-casting-off/index.html
[warn] benchmarks/cottage-eave-diagnostic-20261002/sources/10-front-roof-casting-off/main.mjs
[warn] benchmarks/cottage-eave-diagnostic-20261002/sources/10-front-roof-casting-off/part-data.mjs
[warn] benchmarks/cottage-eave-diagnostic-20261002/sources/10-front-roof-casting-off/worker.mjs
[warn] benchmarks/cottage-eave-diagnostic-20261002/sources/11-rear-baseline/config.mjs
[warn] benchmarks/cottage-eave-diagnostic-20261002/sources/11-rear-baseline/cottage-scene.mjs
[warn] benchmarks/cottage-eave-diagnostic-20261002/sources/11-rear-baseline/index.html
[warn] benchmarks/cottage-eave-diagnostic-20261002/sources/11-rear-baseline/main.mjs
[warn] benchmarks/cottage-eave-diagnostic-20261002/sources/11-rear-baseline/part-data.mjs
[warn] benchmarks/cottage-eave-diagnostic-20261002/sources/11-rear-baseline/worker.mjs
[warn] benchmarks/cottage-eave-diagnostic-20261002/sources/12-rear-radius-one/config.mjs
[warn] benchmarks/cottage-eave-diagnostic-20261002/sources/12-rear-radius-one/cottage-scene.mjs
[warn] benchmarks/cottage-eave-diagnostic-20261002/sources/12-rear-radius-one/index.html
[warn] benchmarks/cottage-eave-diagnostic-20261002/sources/12-rear-radius-one/main.mjs
[warn] benchmarks/cottage-eave-diagnostic-20261002/sources/12-rear-radius-one/part-data.mjs
[warn] benchmarks/cottage-eave-diagnostic-20261002/sources/12-rear-radius-one/worker.mjs
[warn] benchmarks/native-preflight-20261002/run.mjs
[warn] benchmarks/native-preflight-20261002/scene.mjs
[warn] benchmarks/pcss-fix-regression-20261002/renders/01-synthetic-before/result.json
[warn] benchmarks/pcss-fix-regression-20261002/renders/03-cottage-front/result.json
[warn] benchmarks/pcss-fix-regression-20261002/renders/04-cottage-rear/result.json
[warn] benchmarks/pcss-fix-regression-20261002/renders/05-cottage-roof-edit/result.json
[warn] benchmarks/pcss-fix-regression-20261002/renders/06-cottage-hard/result.json
[warn] benchmarks/pcss-fix-regression-20261002/renders/07-cottage-pcf/result.json
[warn] benchmarks/pcss-fix-regression-20261002/renders/08-synthetic-after-corrected-features/result.json
[warn] benchmarks/pcss-fix-regression-20261002/run-case.mjs
[warn] benchmarks/pcss-fix-regression-20261002/sources/synthetic-v2/index.html
[warn] benchmarks/pcss-fix-regression-20261002/sources/synthetic-v2/main.mjs
[warn] benchmarks/pcss-fix-regression-20261002/sources/synthetic/index.html
[warn] benchmarks/pcss-fix-regression-20261002/sources/synthetic/main.mjs
[warn] tools/benchmark-evidence/README.md
[warn] tools/coordination/evidence/recovery-operation-receipt-20261002.json
[warn] tools/coordination/evidence/recovery-verified-20261002.json
[warn] Code style issues found in 144 files. Run Prettier with --write to fix.
 ELIFECYCLE  Command failed with exit code 1.
