
> @aperture-engine/workspace@0.3.0 check:docs /workspace/scratch/0190a8c72f8a/aperture-recovery-20261002
> pnpm --dir docs-site run build:all && pnpm --dir docs-site run check && pnpm --dir docs-site run publish:dry-run


> @aperture-engine/docs-site@0.3.0 build:all /workspace/scratch/0190a8c72f8a/aperture-recovery-20261002/docs-site
> pnpm run build:packages && pnpm run build && pnpm run build:showcases && pnpm run build:examples


> @aperture-engine/docs-site@0.3.0 build:packages /workspace/scratch/0190a8c72f8a/aperture-recovery-20261002/docs-site
> pnpm --dir .. run build


> @aperture-engine/workspace@0.3.0 build /workspace/scratch/0190a8c72f8a/aperture-recovery-20261002
> tsc -b packages/math packages/simulation packages/physics packages/physics-rapier packages/particles packages/render packages/runtime packages/ui packages/webgpu packages/audio packages/vite-plugin packages/app packages/cli


> @aperture-engine/docs-site@0.3.0 build /workspace/scratch/0190a8c72f8a/aperture-recovery-20261002/docs-site
> pnpm run prepare && astro build


> @aperture-engine/docs-site@0.3.0 prepare /workspace/scratch/0190a8c72f8a/aperture-recovery-20261002/docs-site
> node scripts/generate-example-manifest.mjs && node scripts/generate-api-reference.mjs && node scripts/stage-reference-search.mjs

Skipping local reference search asset staging; packages/reference-assets/dist/browser-search.json is not present.
15:46:39 [WARN] [vite] Failed to resolve dependency: @aperture-engine/audio, present in client 'optimizeDeps.include'
15:46:39 [WARN] [vite] Failed to resolve dependency: @aperture-engine/math, present in client 'optimizeDeps.include'
15:46:39 [WARN] [vite] Failed to resolve dependency: @aperture-engine/particles, present in client 'optimizeDeps.include'
15:46:39 [WARN] [vite] Failed to resolve dependency: @aperture-engine/runtime, present in client 'optimizeDeps.include'
15:46:40 [content] Syncing content
15:46:40 [content] Synced content
15:46:40 [types] Generated 530ms
15:46:40 [build] output: "static"
15:46:40 [build] mode: "static"
15:46:40 [build] directory: /workspace/scratch/0190a8c72f8a/aperture-recovery-20261002/docs-site/dist/
15:46:40 [build] Collecting build info...
15:46:40 [build] ✓ Completed in 554ms.
15:46:40 [build] Building static entrypoints...
15:46:40 [vite] ✓ built in 773ms
15:46:40 [build] ✓ Completed in 801ms.

 building client (vite) 
15:46:41 [vite] transforming...
15:46:48 [vite] ✓ 2983 modules transformed.
15:46:48 [vite] rendering chunks...
15:46:49 [vite] computing gzip size...
15:46:49 [vite] dist/_astro/aperture-worker-entry-DB5LFi-s.js                          877.79 kB
15:46:49 [vite] dist/_astro/index-CpxV9Dat.js                                        2,262.25 kB
15:46:49 [vite] dist/_astro/ort-wasm-simd-threaded.jsep.B0T3yYHD.wasm               21,596.02 kB │ gzip: 5,087.10 kB
15:46:49 [vite] dist/_astro/preload-helper.BlTxHScW.js                                   1.11 kB │ gzip:     0.65 kB
15:46:49 [vite] dist/_astro/ShowcaseCards.Da80zwAb.js                                    1.69 kB │ gzip:     0.69 kB
15:46:49 [vite] dist/_astro/client.CGogDVr6.js                                           1.84 kB │ gzip:     0.92 kB
15:46:49 [vite] dist/_astro/ExampleGallery.CEiLyXmh.js                                   2.98 kB │ gzip:     1.20 kB
15:46:49 [vite] dist/_astro/ReferenceSearch.BbcvkakV.js                                  7.75 kB │ gzip:     3.23 kB
15:46:49 [vite] dist/_astro/audio.BXPldMOh.js                                           19.51 kB │ gzip:     7.33 kB
15:46:49 [vite] dist/_astro/lumin.es.BZvI1WX3.js                                       104.63 kB │ gzip:    34.74 kB
15:46:49 [vite] dist/_astro/index.CGp6XMuz.js                                          142.16 kB │ gzip:    45.65 kB
15:46:49 [vite] dist/_astro/transformers.web.DpqxCvSE.js                               869.19 kB │ gzip:   228.22 kB
15:46:49 [vite] dist/_astro/index.astro_astro_type_script_index_0_lang.2ke80Pyp.js   1,512.34 kB │ gzip:   377.81 kB
15:46:49 [WARN] [vite] 
(!) Some chunks are larger than 500 kB after minification. Consider:
- Using dynamic import() to code-split the application
- Use build.rollupOptions.output.manualChunks to improve chunking: https://rollupjs.org/configuration-options/#output-manualchunks
- Adjust chunk size limit for this warning via build.chunkSizeWarningLimit.
15:46:49 [vite] ✓ built in 8.86s

 generating static routes 
15:46:50 ▶ src/pages/about/index.astro
15:46:50   └─ /about/index.html (+16ms) 
15:46:50 ▶ src/pages/examples/index.astro
15:46:50   └─ /examples/index.html (+7ms) 
15:46:50 ▶ src/pages/index.astro
15:46:50   └─ /index.html (+1ms) 
15:46:50 ▶ src/pages/showcases/index.astro
15:46:50   └─ /showcases/index.html (+2ms) 
15:46:50 ✓ Completed in 198ms.

15:46:50 [build] 4 page(s) built in 10.42s
15:46:50 [build] Complete!

> @aperture-engine/docs-site@0.3.0 build:showcases /workspace/scratch/0190a8c72f8a/aperture-recovery-20261002/docs-site
> node scripts/build-showcases.mjs

Building showcase/city-builder with base /showcase/city-builder/

> city-builder@0.3.0 build /workspace/scratch/0190a8c72f8a/aperture-recovery-20261002/showcase/city-builder
> vite build --base\=/showcase/city-builder/

vite v8.0.16 building client environment for production...
[2Ktransforming...✓ 853 modules transformed.
rendering chunks...
computing gzip size...
dist/index.html                                    5.44 kB │ gzip:   1.76 kB
dist/assets/aperture-worker-entry-DDAVBa2S.js    861.37 kB
dist/assets/dist-dX2Gaj1u.js                   2,261.40 kB
dist/assets/audio-Cge9DJTB.js                     18.89 kB │ gzip:   7.07 kB
dist/assets/index-CtHup6Eg.js                  1,495.58 kB │ gzip: 369.77 kB

✓ built in 1.42s
[plugin builtin:vite-reporter] 
(!) Some chunks are larger than 500 kB after minification. Consider:
- Using dynamic import() to code-split the application
- Use build.rolldownOptions.output.codeSplitting to improve chunking: https://rolldown.rs/reference/OutputOptions.codeSplitting
- Adjust chunk size limit for this warning via build.chunkSizeWarningLimit.
Building showcase/fps with base /showcase/fps/

> fps@0.3.0 build /workspace/scratch/0190a8c72f8a/aperture-recovery-20261002/showcase/fps
> vite build --base\=/showcase/fps/

vite v8.0.16 building client environment for production...
[2Ktransforming...✓ 853 modules transformed.
rendering chunks...
computing gzip size...
dist/index.html                                    3.97 kB │ gzip:   1.42 kB
dist/assets/aperture-worker-entry-B8iLqAqq.js    889.82 kB
dist/assets/dist-BrITlyzR.js                   2,261.40 kB
dist/assets/audio-0GsgJQMK.js                     18.89 kB │ gzip:   7.07 kB
dist/assets/index-DuQBXULK.js                  1,501.91 kB │ gzip: 371.73 kB

✓ built in 975ms
[plugin builtin:vite-reporter] 
(!) Some chunks are larger than 500 kB after minification. Consider:
- Using dynamic import() to code-split the application
- Use build.rolldownOptions.output.codeSplitting to improve chunking: https://rolldown.rs/reference/OutputOptions.codeSplitting
- Adjust chunk size limit for this warning via build.chunkSizeWarningLimit.
Building showcase/platformer with base /showcase/platformer/

> platformer@0.3.0 build /workspace/scratch/0190a8c72f8a/aperture-recovery-20261002/showcase/platformer
> vite build --base\=/showcase/platformer/

vite v8.0.16 building client environment for production...
[2Ktransforming...✓ 851 modules transformed.
rendering chunks...
computing gzip size...
dist/index.html                                    3.36 kB │ gzip:   1.28 kB
dist/assets/aperture-worker-entry-C_3U6_Mh.js    874.70 kB
dist/assets/dist-DoRb_chu.js                   2,261.40 kB
dist/assets/audio-CZyaZ6hz.js                     18.89 kB │ gzip:   7.07 kB
dist/assets/index-FM1Lamhw.js                  1,493.94 kB │ gzip: 369.07 kB

[plugin builtin:vite-reporter] 
(!) Some chunks are larger than 500 kB after minification. Consider:
- Using dynamic import() to code-split the application
- Use build.rolldownOptions.output.codeSplitting to improve chunking: https://rolldown.rs/reference/OutputOptions.codeSplitting
- Adjust chunk size limit for this warning via build.chunkSizeWarningLimit.
✓ built in 1.12s
Building showcase/racing with base /showcase/racing/

> racing@0.3.0 build /workspace/scratch/0190a8c72f8a/aperture-recovery-20261002/showcase/racing
> vite build --base\=/showcase/racing/

vite v8.0.16 building client environment for production...
[2Ktransforming...✓ 851 modules transformed.
rendering chunks...
computing gzip size...
dist/index.html                                    4.02 kB │ gzip:   1.32 kB
dist/assets/aperture-worker-entry-gsIRE19r.js    874.67 kB
dist/assets/dist-BtfnJ4BQ.js                   2,261.40 kB
dist/assets/audio-DGPdYREl.js                     18.89 kB │ gzip:   7.07 kB
dist/assets/index-HMhqqH6e.js                  1,496.33 kB │ gzip: 369.78 kB

[plugin builtin:vite-reporter] 
(!) Some chunks are larger than 500 kB after minification. Consider:
- Using dynamic import() to code-split the application
- Use build.rolldownOptions.output.codeSplitting to improve chunking: https://rolldown.rs/reference/OutputOptions.codeSplitting
- Adjust chunk size limit for this warning via build.chunkSizeWarningLimit.
✓ built in 960ms

> @aperture-engine/docs-site@0.3.0 build:examples /workspace/scratch/0190a8c72f8a/aperture-recovery-20261002/docs-site
> node scripts/stage-example-routes.mjs


> @aperture-engine/docs-site@0.3.0 check /workspace/scratch/0190a8c72f8a/aperture-recovery-20261002/docs-site
> pnpm run prepare && node scripts/check-docs-site.mjs


> @aperture-engine/docs-site@0.3.0 prepare /workspace/scratch/0190a8c72f8a/aperture-recovery-20261002/docs-site
> node scripts/generate-example-manifest.mjs && node scripts/generate-api-reference.mjs && node scripts/stage-reference-search.mjs

Skipping local reference search asset staging; packages/reference-assets/dist/browser-search.json is not present.

> @aperture-engine/docs-site@0.3.0 publish:dry-run /workspace/scratch/0190a8c72f8a/aperture-recovery-20261002/docs-site
> node scripts/publish-to-pages.mjs --dry-run

Dry run 3291 file(s) from docs-site/dist to docs.
  copy docs-site/dist/.gitignore -> docs/.gitignore
  copy docs-site/dist/.nojekyll -> docs/.nojekyll
  copy docs-site/dist/_astro/ExampleGallery.CEiLyXmh.js -> docs/_astro/ExampleGallery.CEiLyXmh.js
  copy docs-site/dist/_astro/ReferenceSearch.BbcvkakV.js -> docs/_astro/ReferenceSearch.BbcvkakV.js
  copy docs-site/dist/_astro/ShowcaseCards.Da80zwAb.js -> docs/_astro/ShowcaseCards.Da80zwAb.js
  copy docs-site/dist/_astro/aperture-worker-entry-DB5LFi-s.js -> docs/_astro/aperture-worker-entry-DB5LFi-s.js
  copy docs-site/dist/_astro/audio.BXPldMOh.js -> docs/_astro/audio.BXPldMOh.js
  copy docs-site/dist/_astro/client.CGogDVr6.js -> docs/_astro/client.CGogDVr6.js
  copy docs-site/dist/_astro/geist-mono-latin-400-normal.DKaoCDn5.woff2 -> docs/_astro/geist-mono-latin-400-normal.DKaoCDn5.woff2
  copy docs-site/dist/_astro/geist-mono-latin-500-normal.C3sF8Y1B.woff2 -> docs/_astro/geist-mono-latin-500-normal.C3sF8Y1B.woff2
  copy docs-site/dist/_astro/geist-mono-latin-600-normal.BHzjB6_C.woff2 -> docs/_astro/geist-mono-latin-600-normal.BHzjB6_C.woff2
  copy docs-site/dist/_astro/geist-mono-latin-700-normal.DMoeyBRY.woff2 -> docs/_astro/geist-mono-latin-700-normal.DMoeyBRY.woff2
  copy docs-site/dist/_astro/geist-sans-latin-400-normal.gapTbOY8.woff2 -> docs/_astro/geist-sans-latin-400-normal.gapTbOY8.woff2
  copy docs-site/dist/_astro/geist-sans-latin-500-normal.uokXdC-Q.woff2 -> docs/_astro/geist-sans-latin-500-normal.uokXdC-Q.woff2
  copy docs-site/dist/_astro/geist-sans-latin-600-normal.DFOURf8L.woff2 -> docs/_astro/geist-sans-latin-600-normal.DFOURf8L.woff2
  copy docs-site/dist/_astro/geist-sans-latin-700-normal.BmN9tIp5.woff2 -> docs/_astro/geist-sans-latin-700-normal.BmN9tIp5.woff2
  copy docs-site/dist/_astro/index-CpxV9Dat.js -> docs/_astro/index-CpxV9Dat.js
  copy docs-site/dist/_astro/index.B97xPu1v.css -> docs/_astro/index.B97xPu1v.css
  copy docs-site/dist/_astro/index.BMbeFx4x.css -> docs/_astro/index.BMbeFx4x.css
  copy docs-site/dist/_astro/index.CGp6XMuz.js -> docs/_astro/index.CGp6XMuz.js
  ... 3271 more
