{"run": "run-8f135b7d7b9a4a1db83612a2e47fd867", "temporary_directory": "/workspace/scratch/0190a8c72f8a/aperture-tmp/run-8f135b7d7b9a4a1db83612a2e47fd867"}
19:06:32 | INFO: Data are loaded, start creating Blender stuff
19:06:32 | INFO: Blender create Mesh node courtyard.slab.mesh
19:06:32 | INFO: Blender create Mesh node platform.lower.mesh
19:06:32 | INFO: Blender create Mesh node platform.middle.mesh
19:06:32 | INFO: Blender create Mesh node platform.upper.mesh
19:06:32 | INFO: Blender create Mesh node crane.foot.mesh
19:06:32 | INFO: Blender create Mesh node crane.turntable.mesh
19:06:32 | INFO: Blender create Mesh node crane.pedestal.mesh
19:06:32 | INFO: Blender create Mesh node crane.counterweight.mesh
19:06:32 | INFO: Blender create Mesh node crane.boom.lower.mesh
19:06:32 | INFO: Blender create Mesh node crane.boom.upper.mesh
19:06:32 | INFO: Blender create Mesh node crane.pin.shoulder.mesh
19:06:32 | INFO: Blender create Mesh node crane.pin-cap.shoulder.mesh
19:06:32 | INFO: Blender create Mesh node crane.pin.elbow.mesh
19:06:32 | INFO: Blender create Mesh node crane.pin-cap.elbow.mesh
19:06:32 | INFO: Blender create Mesh node crane.pin.tip.mesh
19:06:32 | INFO: Blender create Mesh node crane.pin-cap.tip.mesh
19:06:32 | INFO: Blender create Mesh node crane.hydraulic-mount.mesh
19:06:32 | INFO: Blender create Mesh node crane.hydraulic.body.mesh
19:06:32 | INFO: Blender create Mesh node crane.hydraulic.rod.mesh
19:06:32 | INFO: Blender create Mesh node crane.hydraulic.eye.base.mesh
19:06:32 | INFO: Blender create Mesh node crane.hydraulic.eye.boom.mesh
19:06:32 | INFO: Blender create Mesh node crane.hoist.cable.mesh
19:06:32 | INFO: Blender create Mesh node crane.hook.mesh
19:06:32 | INFO: Blender create Mesh node crane.load.body.mesh
19:06:32 | INFO: Blender create Mesh node crane.load.strap-front.0.mesh
19:06:32 | INFO: Blender create Mesh node crane.load.strap-back.0.mesh
19:06:32 | INFO: Blender create Mesh node crane.load.strap-top.0.mesh
19:06:32 | INFO: Blender create Mesh node crane.load.strap-front.1.mesh
19:06:32 | INFO: Blender create Mesh node crane.load.strap-back.1.mesh
19:06:32 | INFO: Blender create Mesh node crane.load.strap-top.1.mesh
19:06:32 | INFO: Blender create Mesh node crane.sling.0.mesh
19:06:32 | INFO: Blender create Mesh node crane.sling.1.mesh
19:06:32 | INFO: Blender create Mesh node crane.sling.2.mesh
19:06:32 | INFO: Blender create Mesh node crane.sling.3.mesh
19:06:32 | INFO: Blender create Mesh node wall.pier.left.mesh
19:06:32 | INFO: Blender create Mesh node wall.pier.right.mesh
19:06:32 | INFO: Blender create Mesh node wall.upper-side.left.mesh
19:06:32 | INFO: Blender create Mesh node wall.upper-side.right.mesh
19:06:32 | INFO: Blender create Mesh node wall.arch.00.mesh
19:06:32 | INFO: Blender create Mesh node wall.spandrel.00.mesh
19:06:32 | INFO: Blender create Mesh node wall.arch.01.mesh
19:06:32 | INFO: Blender create Mesh node wall.spandrel.01.mesh
19:06:32 | INFO: Blender create Mesh node wall.arch.02.mesh
19:06:32 | INFO: Blender create Mesh node wall.spandrel.02.mesh
19:06:32 | INFO: Blender create Mesh node wall.arch.03.mesh
19:06:32 | INFO: Blender create Mesh node wall.spandrel.03.mesh
19:06:32 | INFO: Blender create Mesh node wall.arch.04.mesh
19:06:32 | INFO: Blender create Mesh node wall.spandrel.04.mesh
19:06:32 | INFO: Blender create Mesh node wall.arch.05.mesh
19:06:32 | INFO: Blender create Mesh node wall.spandrel.05.mesh
19:06:32 | INFO: Blender create Mesh node wall.arch.06.mesh
19:06:32 | INFO: Blender create Mesh node wall.spandrel.06.mesh
19:06:32 | INFO: Blender create Mesh node wall.arch.07.mesh
19:06:32 | INFO: Blender create Mesh node wall.spandrel.07.mesh
19:06:32 | INFO: Blender create Mesh node wall.arch.08.mesh
19:06:32 | INFO: Blender create Mesh node wall.spandrel.08.mesh
19:06:32 | INFO: Blender create Mesh node wall.arch.09.mesh
19:06:32 | INFO: Blender create Mesh node wall.spandrel.09.mesh
19:06:32 | INFO: Blender create Mesh node wall.arch.10.mesh
19:06:32 | INFO: Blender create Mesh node wall.spandrel.10.mesh
19:06:32 | INFO: Blender create Mesh node wall.arch.11.mesh
19:06:32 | INFO: Blender create Mesh node wall.spandrel.11.mesh
19:06:32 | INFO: Blender create Mesh node wall.cap.mesh
19:06:32 | INFO: Blender create Mesh node wall.lamp.backplate.mesh
19:06:32 | INFO: Blender create Mesh node wall.lamp.diffuser.mesh
19:06:32 | INFO: Blender create Mesh node pipe.hollow-elbow.mesh
19:06:32 | INFO: Blender create Mesh node prop.crate.body.mesh
19:06:32 | INFO: Blender create Mesh node prop.crate.strap-front.0.mesh
19:06:32 | INFO: Blender create Mesh node prop.crate.strap-back.0.mesh
19:06:32 | INFO: Blender create Mesh node prop.crate.strap-top.0.mesh
19:06:32 | INFO: Blender create Mesh node prop.crate.strap-front.1.mesh
19:06:32 | INFO: Blender create Mesh node prop.crate.strap-back.1.mesh
19:06:32 | INFO: Blender create Mesh node prop.crate.strap-top.1.mesh
19:06:32 | INFO: Blender create Mesh node prop.drum.body.mesh
19:06:32 | INFO: Blender create Mesh node prop.drum.band.0.mesh
19:06:32 | INFO: Blender create Mesh node prop.drum.band.1.mesh
19:06:32 | INFO: Blender create Mesh node prop.bollard.mesh
19:06:32 | INFO: Blender create Mesh node prop.bollard.cap.mesh
19:06:32 | INFO: glTF import finished in 0.07s
GLB_IMPORT_AUDIT {"blender_version": "4.3.2", "mesh_count": 78, "missing_meshes": [], "extra_meshes": [], "bounds_errors": {"courtyard.slab": 0.0, "crane.boom.lower": 0.0, "crane.boom.upper": 0.0, "crane.counterweight": 0.0, "crane.foot": 0.0, "crane.hoist.cable": 0.0, "crane.hook": 0.0, "crane.hydraulic-mount": 0.0, "crane.hydraulic.body": 0.0, "crane.hydraulic.eye.base": 0.0, "crane.hydraulic.eye.boom": 0.0, "crane.hydraulic.rod": 0.0, "crane.load.body": 0.0, "crane.load.strap-back.0": 0.0, "crane.load.strap-back.1": 0.0, "crane.load.strap-front.0": 0.0, "crane.load.strap-front.1": 0.0, "crane.load.strap-top.0": 0.0, "crane.load.strap-top.1": 0.0, "crane.pedestal": 0.0, "crane.pin-cap.elbow": 0.0, "crane.pin-cap.shoulder": 0.0, "crane.pin-cap.tip": 0.0, "crane.pin.elbow": 0.0, "crane.pin.shoulder": 0.0, "crane.pin.tip": 0.0, "crane.sling.0": 0.0, "crane.sling.1": 0.0, "crane.sling.2": 0.0, "crane.sling.3": 0.0, "crane.turntable": 0.0, "pipe.hollow-elbow": 0.0, "platform.lower": 0.0, "platform.middle": 0.0, "platform.upper": 0.0, "prop.bollard": 0.0, "prop.bollard.cap": 0.0, "prop.crate.body": 0.0, "prop.crate.strap-back.0": 0.0, "prop.crate.strap-back.1": 0.0, "prop.crate.strap-front.0": 0.0, "prop.crate.strap-front.1": 0.0, "prop.crate.strap-top.0": 0.0, "prop.crate.strap-top.1": 0.0, "prop.drum.band.0": 0.0, "prop.drum.band.1": 0.0, "prop.drum.body": 0.0, "wall.arch.00": 0.0, "wall.arch.01": 0.0, "wall.arch.02": 0.0, "wall.arch.03": 0.0, "wall.arch.04": 0.0, "wall.arch.05": 0.0, "wall.arch.06": 0.0, "wall.arch.07": 0.0, "wall.arch.08": 0.0, "wall.arch.09": 0.0, "wall.arch.10": 0.0, "wall.arch.11": 0.0, "wall.cap": 0.0, "wall.lamp.backplate": 0.0, "wall.lamp.diffuser": 0.0, "wall.pier.left": 0.0, "wall.pier.right": 0.0, "wall.spandrel.00": 0.0, "wall.spandrel.01": 0.0, "wall.spandrel.02": 0.0, "wall.spandrel.03": 0.0, "wall.spandrel.04": 0.0, "wall.spandrel.05": 0.0, "wall.spandrel.06": 0.0, "wall.spandrel.07": 0.0, "wall.spandrel.08": 0.0, "wall.spandrel.09": 0.0, "wall.spandrel.10": 0.0, "wall.spandrel.11": 0.0, "wall.upper-side.left": 0.0, "wall.upper-side.right": 0.0}, "passed": true}
Blender 4.3.2

Blender quit
