{"run": "run-510337539fa0404ba1f92dec01df50fc", "temporary_directory": "/workspace/scratch/0190a8c72f8a/aperture-tmp/run-510337539fa0404ba1f92dec01df50fc"}
✔ all 48 retained renderer states accept synthetic exact worker joins with non-1 baseline frames (49.055168ms)
✔ fail closed: missingPublication (1.486972ms)
✔ fail closed: wrongRevision (1.112076ms)
✔ fail closed: wrongState (1.219359ms)
✔ fail closed: wrongPublicationFrame (1.086358ms)
✔ fail closed: wrongReceivedFrame (1.137475ms)
✔ fail closed: wrongReceivedSnapshot (1.213139ms)
✔ fail closed: wrongConsumedFrame (1.374993ms)
✔ fail closed: wrongCompletedFrame (1.046818ms)
✔ fail closed: missingProductionCompletion (1.114561ms)
✔ fail closed: wrongAck (1.095462ms)
✔ fail closed: missingAssets (1.328643ms)
✔ fail closed: missingDelivery (1.299409ms)
✔ fail closed: wrongSourceVersion (1.031645ms)
✔ fail closed: staleReceivedBytes (1.066257ms)
✔ fail closed: corruptGpuUpload (1.838441ms)
✔ fail closed: missingRawBytes (1.157935ms)
✔ fail closed: noNativeWorker (1.163815ms)
✔ fail closed: workerCount (1.168912ms)
✔ fail closed: fallback (1.533332ms)
✔ fail closed: hiddenFallback (1.836659ms)
✔ fail closed: fakeSharedBuffer (1.191917ms)
✔ fail closed: wrongCadence (1.029342ms)
✔ fail closed: continuousSimulation (1.032878ms)
✔ fail closed: omittedLight (1.888678ms)
✔ fail closed: wrongPipeline (1.17415ms)
✔ fail closed: wrongCache (1.577098ms)
✔ fail closed: noCasterSubmission (1.382774ms)
✔ fail closed: wrongInvalidation (1.439901ms)
✔ fail closed: identityDrift (1.443887ms)
✔ fail closed: geometryDrift (1.387883ms)
✔ fail closed: omittedGpuFence (1.884841ms)
✔ fail closed: noSwapchain (1.388754ms)
✔ fail closed: wrongDimensions (1.863359ms)
✔ fail closed: webgl (1.744445ms)
✔ fail closed: nativeError (1.415124ms)
✔ fail closed: deviceLost (1.105507ms)
✔ fail closed: noNewSubmission (0.985375ms)
✔ numeric JSON cannot erase signed-zero native byte evidence (0.876061ms)
✔ structural comparison ignores key order only (0.157658ms)
✔ native start observer reads production nested options without inventing transport (0.285901ms)
✔ vertex and index changes are isolated; bounds and topology stay fixed (2.039075ms)
✔ directional: real ECS publications keep handle, identity, bounds and draw packets (20.486637ms)
✔ cascaded: real ECS publications keep handle, identity, bounds and draw packets (7.967352ms)
✔ spot: real ECS publications keep handle, identity, bounds and draw packets (5.476205ms)
✔ point: real ECS publications keep handle, identity, bounds and draw packets (5.728507ms)
✔ native materials use explicit dielectric factors and intended colors (1.106618ms)
✔ directional/live: generated ECS matches component authoring exactly after empty bootstrap (65.824292ms)
✔ directional/fresh-baseline: generated ECS matches component authoring exactly after empty bootstrap (3.524674ms)
✔ directional/fresh-vertices: generated ECS matches component authoring exactly after empty bootstrap (4.073041ms)
✔ directional/fresh-indices: generated ECS matches component authoring exactly after empty bootstrap (2.796486ms)
✔ cascaded/live: generated ECS matches component authoring exactly after empty bootstrap (15.095019ms)
✔ cascaded/fresh-baseline: generated ECS matches component authoring exactly after empty bootstrap (3.50234ms)
✔ cascaded/fresh-vertices: generated ECS matches component authoring exactly after empty bootstrap (2.58735ms)
✔ cascaded/fresh-indices: generated ECS matches component authoring exactly after empty bootstrap (2.179125ms)
✔ spot/live: generated ECS matches component authoring exactly after empty bootstrap (13.478511ms)
✔ spot/fresh-baseline: generated ECS matches component authoring exactly after empty bootstrap (3.121907ms)
✔ spot/fresh-vertices: generated ECS matches component authoring exactly after empty bootstrap (2.453108ms)
✔ spot/fresh-indices: generated ECS matches component authoring exactly after empty bootstrap (4.935531ms)
✔ point/live: generated ECS matches component authoring exactly after empty bootstrap (10.639441ms)
✔ point/fresh-baseline: generated ECS matches component authoring exactly after empty bootstrap (2.10256ms)
✔ point/fresh-vertices: generated ECS matches component authoring exactly after empty bootstrap (2.13571ms)
✔ point/fresh-indices: generated ECS matches component authoring exactly after empty bootstrap (2.034557ms)
✔ command guard rejects [{"id":"baseline","index":0,"revision":2}] (7.457443ms)
✔ command guard rejects [{"id":"wrong","index":0,"revision":1}] (7.004981ms)
✔ command guard rejects [{"id":"noop","index":1,"revision":2}] (8.315978ms)
✔ command guard rejects [{"id":"baseline","index":0,"revision":1},{"id":"noop","index":1,"revision":2}] (6.238114ms)
ℹ tests 67
ℹ suites 0
ℹ pass 67
ℹ fail 0
ℹ cancelled 0
ℹ skipped 0
ℹ todo 0
ℹ duration_ms 462.590849
