{"run": "run-75abaee9ba7c4e18a32f30a69e70ba2c", "temporary_directory": "/workspace/scratch/0190a8c72f8a/aperture-tmp/run-75abaee9ba7c4e18a32f30a69e70ba2c"}
✔ all 48 retained renderer states accept synthetic exact worker joins with non-1 baseline frames (44.691841ms)
✔ fail closed: missingPublication (1.581294ms)
✔ fail closed: wrongRevision (1.332399ms)
✔ fail closed: wrongState (1.269704ms)
✔ fail closed: wrongPublicationFrame (1.128631ms)
✔ fail closed: wrongReceivedFrame (1.224265ms)
✔ fail closed: wrongReceivedSnapshot (1.203935ms)
✔ fail closed: wrongConsumedFrame (1.064285ms)
✔ fail closed: wrongCompletedFrame (1.155041ms)
✔ fail closed: missingProductionCompletion (1.356935ms)
✔ fail closed: wrongAck (1.11482ms)
✔ fail closed: missingAssets (1.88083ms)
✔ fail closed: missingDelivery (1.282373ms)
✔ fail closed: wrongSourceVersion (1.22126ms)
✔ fail closed: staleReceivedBytes (2.337974ms)
✔ fail closed: corruptGpuUpload (1.3793ms)
✔ fail closed: missingRawBytes (1.063302ms)
✔ fail closed: noNativeWorker (1.092217ms)
✔ fail closed: workerCount (1.243855ms)
✔ fail closed: fallback (1.007639ms)
✔ fail closed: hiddenFallback (1.0813ms)
✔ fail closed: fakeSharedBuffer (1.102391ms)
✔ fail closed: wrongCadence (0.90883ms)
✔ fail closed: continuousSimulation (0.996002ms)
✔ fail closed: omittedLight (0.900227ms)
✔ fail closed: wrongPipeline (0.958665ms)
✔ fail closed: wrongCache (0.879966ms)
✔ fail closed: noCasterSubmission (0.884583ms)
✔ fail closed: wrongInvalidation (0.962561ms)
✔ fail closed: identityDrift (0.918314ms)
✔ fail closed: geometryDrift (1.067659ms)
✔ fail closed: omittedGpuFence (1.383516ms)
✔ fail closed: noSwapchain (1.298337ms)
✔ fail closed: wrongDimensions (1.126628ms)
✔ fail closed: webgl (1.434041ms)
✔ fail closed: nativeError (1.515464ms)
✔ fail closed: deviceLost (1.229493ms)
✔ fail closed: noNewSubmission (1.019276ms)
✔ numeric JSON cannot erase signed-zero native byte evidence (0.845785ms)
✔ structural comparison ignores key order only (0.216416ms)
✔ vertex and index changes are isolated; bounds and topology stay fixed (2.177312ms)
✔ directional: real ECS publications keep handle, identity, bounds and draw packets (18.408558ms)
✔ cascaded: real ECS publications keep handle, identity, bounds and draw packets (6.814101ms)
✔ spot: real ECS publications keep handle, identity, bounds and draw packets (5.717038ms)
✔ point: real ECS publications keep handle, identity, bounds and draw packets (9.1154ms)
✔ native materials use explicit dielectric factors and intended colors (0.816761ms)
✔ directional/live: generated ECS matches component authoring exactly after empty bootstrap (54.653942ms)
✔ directional/fresh-baseline: generated ECS matches component authoring exactly after empty bootstrap (3.309589ms)
✔ directional/fresh-vertices: generated ECS matches component authoring exactly after empty bootstrap (3.628169ms)
✔ directional/fresh-indices: generated ECS matches component authoring exactly after empty bootstrap (3.135476ms)
✔ cascaded/live: generated ECS matches component authoring exactly after empty bootstrap (16.725972ms)
✔ cascaded/fresh-baseline: generated ECS matches component authoring exactly after empty bootstrap (2.448201ms)
✔ cascaded/fresh-vertices: generated ECS matches component authoring exactly after empty bootstrap (2.833842ms)
✔ cascaded/fresh-indices: generated ECS matches component authoring exactly after empty bootstrap (2.037872ms)
✔ spot/live: generated ECS matches component authoring exactly after empty bootstrap (15.447635ms)
✔ spot/fresh-baseline: generated ECS matches component authoring exactly after empty bootstrap (2.788574ms)
✔ spot/fresh-vertices: generated ECS matches component authoring exactly after empty bootstrap (9.602935ms)
✔ spot/fresh-indices: generated ECS matches component authoring exactly after empty bootstrap (1.905082ms)
✔ point/live: generated ECS matches component authoring exactly after empty bootstrap (9.942326ms)
✔ point/fresh-baseline: generated ECS matches component authoring exactly after empty bootstrap (1.764079ms)
✔ point/fresh-vertices: generated ECS matches component authoring exactly after empty bootstrap (1.636486ms)
✔ point/fresh-indices: generated ECS matches component authoring exactly after empty bootstrap (1.8508ms)
✔ command guard rejects [{"id":"baseline","index":0,"revision":2}] (6.905749ms)
✔ command guard rejects [{"id":"wrong","index":0,"revision":1}] (6.324294ms)
✔ command guard rejects [{"id":"noop","index":1,"revision":2}] (11.361757ms)
✔ command guard rejects [{"id":"baseline","index":0,"revision":1},{"id":"noop","index":1,"revision":2}] (7.139872ms)
ℹ tests 66
ℹ suites 0
ℹ pass 66
ℹ fail 0
ℹ cancelled 0
ℹ skipped 0
ℹ todo 0
ℹ duration_ms 491.764543
