{"run": "run-fda7cce3abb649caaa301d275ffa2bfb", "temporary_directory": "/workspace/scratch/0190a8c72f8a/aperture-tmp/run-fda7cce3abb649caaa301d275ffa2bfb"}
✔ all 48 retained renderer states accept synthetic exact worker joins with non-1 baseline frames (56.384387ms)
✔ fail closed: missingPublication (1.734515ms)
✔ fail closed: wrongRevision (1.495254ms)
✔ fail closed: wrongState (1.318137ms)
✔ fail closed: wrongPublicationFrame (1.447402ms)
✔ fail closed: wrongReceivedFrame (1.335423ms)
✔ fail closed: wrongReceivedSnapshot (1.3868ms)
✔ fail closed: wrongConsumedFrame (1.880435ms)
✔ fail closed: wrongCompletedFrame (1.405469ms)
✔ fail closed: missingProductionCompletion (1.604018ms)
✔ fail closed: wrongAck (1.464699ms)
✔ fail closed: missingAssets (1.499211ms)
✔ fail closed: missingDelivery (1.508635ms)
✔ fail closed: wrongSourceVersion (1.417497ms)
✔ fail closed: staleReceivedBytes (1.650368ms)
✔ fail closed: corruptGpuUpload (2.237123ms)
✔ fail closed: missingRawBytes (1.513232ms)
✔ fail closed: noNativeWorker (1.44601ms)
✔ fail closed: workerCount (1.381232ms)
✔ fail closed: fallback (1.500642ms)
✔ fail closed: hiddenFallback (1.363446ms)
✔ fail closed: fakeSharedBuffer (1.396535ms)
✔ fail closed: wrongCadence (1.498379ms)
✔ fail closed: continuousSimulation (1.401833ms)
✔ fail closed: omittedLight (1.834045ms)
✔ fail closed: wrongPipeline (1.409645ms)
✔ fail closed: wrongCache (1.323415ms)
✔ fail closed: noCasterSubmission (1.403666ms)
✔ fail closed: wrongInvalidation (1.401823ms)
✔ fail closed: identityDrift (1.311307ms)
✔ fail closed: geometryDrift (1.384087ms)
✔ fail closed: omittedGpuFence (1.846784ms)
✔ fail closed: noSwapchain (1.437106ms)
✔ fail closed: wrongDimensions (1.764ms)
✔ fail closed: webgl (1.410868ms)
✔ fail closed: nativeError (1.404998ms)
✔ fail closed: deviceLost (1.33359ms)
✔ fail closed: noNewSubmission (1.33343ms)
✔ numeric JSON cannot erase signed-zero native byte evidence (1.026898ms)
✔ structural comparison ignores key order only (0.192871ms)
✔ native start observer reads production nested options without inventing transport (0.361786ms)
✔ vertex and index changes are isolated; bounds and topology stay fixed (1.921037ms)
✔ directional: real ECS publications keep handle, identity, bounds and draw packets (19.454971ms)
✔ cascaded: real ECS publications keep handle, identity, bounds and draw packets (6.356504ms)
✔ spot: real ECS publications keep handle, identity, bounds and draw packets (5.644249ms)
✔ point: real ECS publications keep handle, identity, bounds and draw packets (4.146221ms)
✔ native materials use explicit dielectric factors and intended colors (1.192338ms)
✔ active-graph preflight proves actual disabled dynamic audio source lines (26.910942ms)
✔ active-graph preflight rejects enabled config (0.366562ms)
✔ active-graph preflight rejects unknown config (0.082425ms)
✔ active-graph preflight rejects static import (5.110214ms)
✔ active-graph preflight rejects missing guard (7.987202ms)
✔ active-graph preflight rejects changed resolver (5.881687ms)
✔ active-graph preflight rejects enabled call override (6.317004ms)
✔ active-graph preflight rejects unknown option spread (6.588923ms)
✔ directional/live: generated ECS matches component authoring exactly after empty bootstrap (54.680603ms)
✔ directional/fresh-baseline: generated ECS matches component authoring exactly after empty bootstrap (2.840673ms)
✔ directional/fresh-vertices: generated ECS matches component authoring exactly after empty bootstrap (2.616825ms)
✔ directional/fresh-indices: generated ECS matches component authoring exactly after empty bootstrap (2.32191ms)
✔ cascaded/live: generated ECS matches component authoring exactly after empty bootstrap (17.067847ms)
✔ cascaded/fresh-baseline: generated ECS matches component authoring exactly after empty bootstrap (4.355417ms)
✔ cascaded/fresh-vertices: generated ECS matches component authoring exactly after empty bootstrap (2.788985ms)
✔ cascaded/fresh-indices: generated ECS matches component authoring exactly after empty bootstrap (2.37439ms)
✔ spot/live: generated ECS matches component authoring exactly after empty bootstrap (15.057891ms)
✔ spot/fresh-baseline: generated ECS matches component authoring exactly after empty bootstrap (2.791669ms)
✔ spot/fresh-vertices: generated ECS matches component authoring exactly after empty bootstrap (4.153522ms)
✔ spot/fresh-indices: generated ECS matches component authoring exactly after empty bootstrap (2.355731ms)
✔ point/live: generated ECS matches component authoring exactly after empty bootstrap (10.677187ms)
✔ point/fresh-baseline: generated ECS matches component authoring exactly after empty bootstrap (1.742066ms)
✔ point/fresh-vertices: generated ECS matches component authoring exactly after empty bootstrap (1.645711ms)
✔ point/fresh-indices: generated ECS matches component authoring exactly after empty bootstrap (1.999845ms)
✔ command guard rejects [{"id":"baseline","index":0,"revision":2}] (7.213435ms)
✔ command guard rejects [{"id":"wrong","index":0,"revision":1}] (6.577737ms)
✔ command guard rejects [{"id":"noop","index":1,"revision":2}] (9.262524ms)
✔ command guard rejects [{"id":"baseline","index":0,"revision":1},{"id":"noop","index":1,"revision":2}] (6.849907ms)
ℹ tests 75
ℹ suites 0
ℹ pass 75
ℹ fail 0
ℹ cancelled 0
ℹ skipped 0
ℹ todo 0
ℹ duration_ms 472.265679
