{"run": "run-5c0680501c7d43679491f81ee6fd906c", "temporary_directory": "/workspace/scratch/0190a8c72f8a/aperture-tmp/run-5c0680501c7d43679491f81ee6fd906c"}
✔ exact seven-session fourteen-state bounded contract (1.096524ms)
FANOUT_CPU_SUMMARY {"kind":"CPU-only exploratory fixture validation; not native GPU proof","sessions":[{"session":"live","state":"s00-baseline","shared":true,"entityCount":13,"uniqueMeshHandles":5,"publications":0,"actualMirrorEntriesUpdated":10,"versions":[1,1,1,1,1,1,1,1,1]},{"session":"live","state":"s01-baseline--noop","shared":true,"entityCount":13,"uniqueMeshHandles":5,"publications":0,"actualMirrorEntriesUpdated":0,"versions":[1,1,1,1,1,1,1,1,1]},{"session":"live","state":"s02-grow","shared":true,"entityCount":13,"uniqueMeshHandles":5,"publications":3,"actualMirrorEntriesUpdated":3,"versions":[2,2,2,2,2,2,2,2,2]},{"session":"live","state":"s03-grow--noop","shared":true,"entityCount":13,"uniqueMeshHandles":5,"publications":3,"actualMirrorEntriesUpdated":0,"versions":[2,2,2,2,2,2,2,2,2]},{"session":"live","state":"s04-shrink","shared":true,"entityCount":13,"uniqueMeshHandles":5,"publications":6,"actualMirrorEntriesUpdated":3,"versions":[3,3,3,3,3,3,3,3,3]},{"session":"live","state":"s05-baseline","shared":true,"entityCount":13,"uniqueMeshHandles":5,"publications":9,"actualMirrorEntriesUpdated":3,"versions":[4,4,4,4,4,4,4,4,4]},{"session":"live","state":"s06-grow","shared":true,"entityCount":13,"uniqueMeshHandles":5,"publications":12,"actualMirrorEntriesUpdated":3,"versions":[5,5,5,5,5,5,5,5,5]},{"session":"live","state":"s07-baseline","shared":true,"entityCount":13,"uniqueMeshHandles":5,"publications":15,"actualMirrorEntriesUpdated":3,"versions":[6,6,6,6,6,6,6,6,6]},{"session":"shared-baseline","state":"s00-shared-baseline","shared":true,"entityCount":13,"uniqueMeshHandles":5,"publications":0,"actualMirrorEntriesUpdated":10,"versions":[1,1,1,1,1,1,1,1,1]},{"session":"shared-grow","state":"s00-shared-grow","shared":true,"entityCount":13,"uniqueMeshHandles":5,"publications":0,"actualMirrorEntriesUpdated":10,"versions":[1,1,1,1,1,1,1,1,1]},{"session":"shared-shrink","state":"s00-shared-shrink","shared":true,"entityCount":13,"uniqueMeshHandles":5,"publications":0,"actualMirrorEntriesUpdated":10,"versions":[1,1,1,1,1,1,1,1,1]},{"session":"unshared-baseline","state":"s00-unshared-baseline","shared":false,"entityCount":13,"uniqueMeshHandles":11,"publications":0,"actualMirrorEntriesUpdated":16,"versions":[1,1,1,1,1,1,1,1,1]},{"session":"unshared-grow","state":"s00-unshared-grow","shared":false,"entityCount":13,"uniqueMeshHandles":11,"publications":0,"actualMirrorEntriesUpdated":16,"versions":[1,1,1,1,1,1,1,1,1]},{"session":"unshared-shrink","state":"s00-unshared-shrink","shared":false,"entityCount":13,"uniqueMeshHandles":11,"publications":0,"actualMirrorEntriesUpdated":16,"versions":[1,1,1,1,1,1,1,1,1]}],"negativeControls":["missing-second","missing-third","stale-second","stale-third","duplicate-publication","wrong-transform","stale-range","missing-snapshot-second","stale-snapshot-third","stale-mirror-version","stale-mirror-bytes","old-shadow-after-clear-only","wrong-sampled-shadow-content","not-submitted","orphan-command","wrong-count","wrong-start","wrong-first-instance","missing-second-instance","missing-third-instance","wrong-exact-vertex-buffer","wrong-exact-transform-buffer","wrong-bound-range","wrong-bound-offset","unwritten-active-bytes","stale-upload","guessed-pass-label","wrong-shadow-texture","wrong-indirect-active-count","wrong-indirect-first-instance","wrong-indirect-three-instance-count","wrong-indirect-first-vertex","stale-indirect-argument-submission","unsubmitted-indirect-draw","wrong-indirect-object-same-label","indirect-stale-geometry-bytes","indirect-wrong-packed-transform"],"browsersLaunched":0,"serversStarted":0,"eligibility":{"actualCompiledPacking":true,"actualCompiledDrawList":true,"coalescedRuns":[{"mesh":"prepared-mesh:mesh:pipe.hollow-elbow.inner.mesh","instances":3,"packedOffset":0},{"mesh":"prepared-mesh:mesh:pipe.hollow-elbow.outer.mesh","instances":3,"packedOffset":48},{"mesh":"prepared-mesh:mesh:pipe.hollow-elbow.rims.mesh","instances":3,"packedOffset":96}],"unsharedPacked":false,"nativeActivation":"unrun"},"syntheticCaptureBytes":6360006,"indirectSyntheticCaptureBytes":6360674,"compiledIndirectRoute":{"actualCompiledConversion":true,"actualCompiledExecutor":true,"argumentAllocationUsage":264,"slotBytes":20,"formats":[16,20],"nativeExecution":false},"sizeEstimates":{"rows":[{"session":"shared-grow","syntheticEvidenceBytes":6360103,"metadataReserveBytes":2097152,"maximumRecordBytes":16777216},{"session":"unshared-grow","syntheticEvidenceBytes":9971766,"metadataReserveBytes":2097152,"maximumRecordBytes":16777216}],"limitation":"CPU synthetic geometry/byte inventories plus conservative metadata reserve; actual native record remains independently bounded and must fail rather than exceed the unchanged gate."}}
✔ all real ECS instances share explicit handles; once-per-handle cardinality changes and byte-exact resets (3260.242693ms)
✔ actual installed packing and coalescing algorithms activate for all three shared groups (7.188371ms)
✔ fail-closed controls cover missing/stale second and third instances and per-entity publications (665.334847ms)
✔ synthetic native joins reject wrong ranges, packed offsets, exact buffer objects and orphan commands (4349.098972ms)
✔ source-pinned shadow classifier equals installed built-in shader (7.336905ms)
▶ three indirect pipe draws retain exact current geometry, three instances and packed-transform gates
  ✔ wrong-indirect-active-count (223.240745ms)
  ✔ wrong-indirect-first-instance (245.251513ms)
  ✔ wrong-indirect-three-instance-count (253.749483ms)
  ✔ wrong-indirect-first-vertex (244.339648ms)
  ✔ stale-indirect-argument-submission (230.927396ms)
  ✔ unsubmitted-indirect-draw (224.827578ms)
  ✔ wrong-indirect-object-same-label (229.728648ms)
  ✔ indirect-stale-geometry-bytes (215.483446ms)
  ✔ indirect-wrong-packed-transform (219.977353ms)
✔ three indirect pipe draws retain exact current geometry, three instances and packed-transform gates (2447.16185ms)
✔ installed indirect conversion and native executor preserve 20-byte slots, 16/20-byte payloads and actual method (1.9956ms)
✔ bounded serialized synthetic capture estimates retain sixteen MiB recorder gate (274.484943ms)
✔ 16/20-byte argument formats retain method, nonzero slot offsets and signed baseVertex (1.338638ms)
▶ indirect evidence fails closed on truncation, alignment, initialization, object, version and usage defects
  ✔ missing-buffer (0.336087ms)
  ✔ misaligned-offset (0.174683ms)
  ✔ negative-offset (0.133641ms)
  ✔ unsafe-offset (0.147542ms)
  ✔ truncated-allocation (0.394204ms)
  ✔ truncated-preserved-bytes (0.17883ms)
  ✔ missing-written-ranges (0.136996ms)
  ✔ unwritten-last-byte (0.17268ms)
  ✔ unwritten-middle (0.185239ms)
  ✔ invalid-byte (0.135605ms)
  ✔ sparse-byte (0.104217ms)
  ✔ same-label-different-object (0.099611ms)
  ✔ ambiguous-object (0.189956ms)
  ✔ stale-submission (0.123506ms)
  ✔ missing-version (0.089015ms)
  ✔ zero-version (0.111348ms)
  ✔ destroyed-buffer (0.108484ms)
  ✔ no-upload (0.110277ms)
  ✔ missing-indirect-usage (0.07973ms)
  ✔ gpu-storage-writable (0.11957ms)
  ✔ query-resolve-writable (0.115414ms)
  ✔ unproven-copy-clear (0.15269ms)
  ✔ missing-uncertainty-record (0.097006ms)
  ✔ first-instance-feature-absent (0.094232ms)
  ✔ unsubmitted-command (0.090106ms)
  ✔ wrong-encoder (0.071538ms)
  ✔ orphan-submission (0.070697ms)
  ✔ fabricated-direct-count (0.094883ms)
  ✔ fabricated-direct-instance-count (0.096255ms)
✔ indirect evidence fails closed on truncation, alignment, initialization, object, version and usage defects (7.056081ms)
✔ actual indirect call buffer/offset and submit-time versions survive bundles, rewrites and later writes (1.968699ms)
✔ observer captures indexed signed arguments and refuses same-label substitution, unsubmitted and failed submission (0.881779ms)
▶ encoded copy/clear/texture/query mutations fail closed only after submission and CPU overwrites reestablish exact ranges
  ✔ copyBufferToBuffer (1.202202ms)
  ✔ clearBuffer (0.734207ms)
  ✔ copyTextureToBuffer (0.605273ms)
  ✔ resolveQuerySet (1.416647ms)
✔ encoded copy/clear/texture/query mutations fail closed only after submission and CPU overwrites reestablish exact ranges (4.332173ms)
✔ GPU-writable arguments remain unproven even after complete CPU upload (0.356748ms)
✔ observer preserves submit object joins, bundles, changed buffer versions and honest texture cache invalidation (8.656184ms)
ℹ tests 58
ℹ suites 0
ℹ pass 58
ℹ fail 0
ℹ cancelled 0
ℹ skipped 0
ℹ todo 0
ℹ duration_ms 11140.975011
