{"run": "run-048105929c504406826e99a5283062d1", "temporary_directory": "/workspace/scratch/0190a8c72f8a/aperture-tmp/run-048105929c504406826e99a5283062d1"}
evidenceKeys [
  'stateId',
  'revision',
  'snapshotFrame',
  'snapshotFrameField',
  'shared',
  'parameters',
  'identity',
  'sourceGeometry',
  'nativeGeometry',
  'nativeChecks',
  'resources',
  'camera',
  'appearance',
  'validationErrors',
  'nativeCorrespondenceTrace',
  'nativeSubmission',
  'transport',
  'limitations'
]
reportKeys [
  'ok',              'frame',
  'renderChangeSet', 'renderUpdateSchedule',
  'counts',          'diagnostics',
  'lightingHealth',  'diagnosticsSummary',
  'resourceReuse',   'depthAttachment',
  'renderTargets',   'postEffects',
  'msaa',            'phaseTimings',
  'commandPressure', 'renderBundles',
  'indirectDraws',   'motionVectors',
  'shadow',          'particles',
  'features'
]
pipeline undefined
indirectDraws {"valid":true,"status":"updated","candidates":3,"indirectDraws":3,"directDraws":2,"indexedIndirectDraws":0,"nonIndexedIndirectDraws":3,"bufferResourceKey":"indirect-draw-buffer:aperture-webgpu-app","bufferBytes":60,"fallbackReason":null,"diagnostics":[]}
renderBundle undefined
diagnosticsSummary {"sectionCount":6,"materialQueue":{"itemCount":11,"byPhase":[{"phase":"opaque","itemCount":11}],"byFamily":[{"family":"standard","itemCount":11}],"byPhaseAndFamily":[{"phase":"opaque","family":"standard","itemCount":11}]},"routedResourceSet":{"itemCount":11,"byFamily":[{"family":"standard","itemCount":11}],"byPipeline":[{"pipelineKey":"standard|shadowMap|opaque|back|less|none","itemCount":11}],"byFamilyAndPipeline":[{"family":"standard","pipelineKey":"standard|shadowMap|opaque|back|less|none","itemCount":11}]},"builtInAppResourceAdapters":{"valid":true,"expectedFamilies":["unlit","matcap","standard","debug-normal"],"registeredFamilies":["unlit","matcap","standard","debug-normal"],"diagnostics":[]},"renderFrameQueue":{"ready":true,"readyDrawCount":11,"blockedDrawCount":0,"packageCount":11,"packagePoolSize":11,"packageSlotsReused":11,"packageSlotsCreated":0,"missingPackedTransformCount":0,"draw":{"packages":11,"descriptors":11,"drawList":5,"resolved":5},"stateSort":{"phase":"opaque","policy":"opaque-state-resource-front-to-back-stable","recordCount":11,"stableOrder":{"pipeline":1,"materialResource":5,"meshLayout":1,"meshResource":5,"total":12},"stateAwareOrder":{"pipeline":1,"materialResource":5,"meshLayout":1,"meshResource":5,"total":12},"delta":{"pipeline":0,"materialResource":0,"meshLayout":0,"meshResource":0,"total":0}},"diagnostics":{"total":0,"byCode":{}}},"renderQueueSortPhases":[{"phase":"opaque","recordCount":11,"sortPolicy":{"name":"opaque-state-resource-front-to-back-stable","depthOrder":"front-to-back","primaryKeys":["queue","viewId","layer","order","pipelineKey","materialResourceKey","meshLayoutKey","meshResourceKey","depth"],"tieBreakers":["stableId","renderId","sortOrdinal"],"totalOrder":true}}],"directLighting":{"ready":true,"lightCounts":{"total":1,"direct":1,"ambient":0,"directional":1,"point":0,"spot":0,"rectArea":0,"environment":0,"areaShapes":{"rect":0,"disk":0,"sphere":0}},"sections":{"lightGpuBuffers":true,"lightBindGroupLayout":true,"lightBindGroup":true,"shaderMetadata":true},"resources":{"lightGpuBufferResourceKey":"light-buffer:main","lightBindGroupLayoutKey":"webgpu-app/standard/lights-shadow/group-3/pipeline:{\"shader\":{\"label\":\"aperture/standard-mesh-shadow-receiver\",\"family\":\"standard\",\"variantKey\":\"direct-lit-metallic-roughness-shadow-map\"},\"targets\":{\"colorFormats\":[\"rgba16float\"],\"depthFormat\":\"depth24plus\",\"stencilFormat\":null},\"layouts\":{\"vertex\":\"POSITION,NORMAL,TEXCOORD_0\",\"bindGroups\":[\"standard/group-0:view-uniform@0\",\"standard/group-1:world-transforms@0\",\"standard/group-2:material@0\",\"standard/lights-shadow/group-3:light-floats@0,light-metadata@1,matrix@2,depth@3,sampler@4\"]},\"primitive\":{\"topology\":\"triangle-list\",\"cullMode\":\"back\",\"frontFace\":\"ccw\",\"stripIndexFormat\":null},\"depthStencil\":{\"format\":\"depth24plus\",\"depthWriteEnabled\":true,\"depthCompare\":\"less\",\"depthBias\":0,\"depthBiasSlopeScale\":0,\"stencilReadMask\":0,\"stencilWriteMask\":0},\"blend\":{\"alphaToCoverageEnabled\":false,\"colorTargets\":[{\"format\":\"rgba16float\",\"blend\":null,\"writeMask\":\"all\"}]},\"multisample\":{\"sampleCount\":4},\"material\":{\"pipelineKey\":\"standard|shadowMap|opaque|back|less|none\",\"variantKey\":\"material:courtyard.slab.material\"},\"batch\":{\"pipelineKey\":\"standard|shadowMap|opaque|back|less|none\",\"materialKey\":\"material:courtyard.slab.material\",\"meshLayoutKey\":\"POSITION,NORMAL,TEXCOORD_0\",\"topology\":\"triangle-list\",\"instanced\":false,\"skinned\":false,\"morphed\":false}}","lightBindGroupResourceKey":"bind-group:webgpu-app/standard/lights-shadow/group-3/pipeline:{\"shader\":{\"label\":\"aperture/standard-mesh-shadow-receiver\",\"family\":\"standard\",\"variantKey\":\"direct-lit-metallic-roughness-shadow-map\"},\"targets\":{\"colorFormats\":[\"rgba16float\"],\"depthFormat\":\"depth24plus\",\"stencilFormat\":null},\"layouts\":{\"vertex\":\"POSITION,NORMAL,TEXCOORD_0\",\"bindGroups\":[\"standard/group-0:view-uniform@0\",\"standard/group-1:world-transforms@0\",\"standard/group-2:material@0\",\"standard/lights-shadow/group-3:light-floats@0,light-metadata@1,matrix@2,depth@3,sampler@4\"]},\"primitive\":{\"topology\":\"triangle-list\",\"cullMode\":\"back\",\"frontFace\":\"ccw\",\"stripIndexFormat\":null},\"depthStencil\":{\"format\":\"depth24plus\",\"depthWriteEnabled\":true,\"depthCompare\":\"less\",\"depthBias\":0,\"depthBiasSlopeScale\":0,\"stencilReadMask\":0,\"stencilWriteMask\":0},\"blend\":{\"alphaToCoverageEnabled\":false,\"colorTargets\":[{\"format\":\"rgba16float\",\"blend\":null,\"writeMask\":\"all\"}]},\"multisample\":{\"sampleCount\":4},\"material\":{\"pipelineKey\":\"standard|shadowMap|opaque|back|less|none\",\"variantKey\":\"material:courtyard.slab.material\"},\"batch\":{\"pipelineKey\":\"standard|shadowMap|opaque|back|less|none\",\"materialKey\":\"material:courtyard.slab.material\",\"meshLayoutKey\":\"POSITION,NORMAL,TEXCOORD_0\",\"topology\":\"triangle-list\",\"instanced\":false,\"skinned\":false,\"morphed\":false}}/0:light-buffer:main/floats/1:light-buffer:main/metadata/2:shadow-matrix-buffer:directional/3:shadow-map:12:light:12:texture/4:shadow-sampler:directional/11:standard-area-light-ltc:matrix/12:standard-area-light-ltc:fresnel/13:standard-area-light-ltc:sampler"},"shaderMetadata":{"valid":true,"diagnostics":[]},"diagnostics":[]}}
counts {"views":1,"meshDraws":11,"shadowCasterDraws":11,"spriteDraws":0,"particleEmitters":0,"quadInstances":0,"quadBatches":0,"uiNodes":0,"uiHitRegions":0,"skyboxes":0,"proceduralSkies":0,"runtimeUniforms":0,"fogs":0,"drawPackages":11,"drawCommands":60,"drawCalls":18,"diagnostics":0}
draws [{"method":"draw","pipelineId":"21","viaBundle":true,"vertices":["courtyard.slab/vertex:triangle-list-interleaved"]},{"method":"drawIndirect","pipelineId":"21","viaBundle":true,"vertices":["pipe.hollow-elbow.inner/vertex:triangle-list-interleaved"]},{"method":"drawIndirect","pipelineId":"21","viaBundle":true,"vertices":["pipe.hollow-elbow.outer/vertex:triangle-list-interleaved"]},{"method":"drawIndirect","pipelineId":"21","viaBundle":true,"vertices":["pipe.hollow-elbow.rims/vertex:triangle-list-interleaved"]},{"method":"draw","pipelineId":"21","viaBundle":true,"vertices":["prop.crate.body/vertex:triangle-list-interleaved"]},{"method":"draw","pipelineId":"59","vertices":[]},{"method":"draw","pipelineId":"64","vertices":[]},{"method":"draw","pipelineId":"69","vertices":[]},{"method":"draw","pipelineId":"75","vertices":[]},{"method":"draw","pipelineId":"80","vertices":[]},{"method":"draw","pipelineId":"86","vertices":[]},{"method":"draw","pipelineId":"91","vertices":[]},{"method":"draw","pipelineId":"97","vertices":[]},{"method":"draw","pipelineId":"102","vertices":[]},{"method":"draw","pipelineId":"108","vertices":[]},{"method":"draw","pipelineId":"113","vertices":[]},{"method":"draw","pipelineId":"118","vertices":[]},{"method":"draw","pipelineId":"141","vertices":[]}]
