{"run": "run-54e715643cf94f1fbbddc80b29e6eca7", "temporary_directory": "/workspace/scratch/0190a8c72f8a/aperture-tmp/run-54e715643cf94f1fbbddc80b29e6eca7"}
{"commit":"6f3ca39472e896573c0ab0bc59d381ba3cf4f75f","files":93,"bytes":5871362}
100644 blob 5aae97e7a89cef6e3af4b80ae50983430b41d26c    6449	benchmarks/shared-mesh-fanout-20261003/CPU_REPORT-004.json
100644 blob 087932fb0f1b0039746d6fc40dd121b376bb23e1    7117	benchmarks/shared-mesh-fanout-20261003/CPU_REPORT.json
100644 blob 7d4c32dfcbea6b637ac61f39ceead52dfa0cb806   12227	benchmarks/shared-mesh-fanout-20261003/MANIFEST.json
100644 blob b00c1d605dc1c50ef0d3b40064ce3e8f0109b635    2679	benchmarks/shared-mesh-fanout-20261003/NATIVE_FAILURE.json
100644 blob 550bb7b746f425d75952556de6bb0b7d72406315   19011	benchmarks/shared-mesh-fanout-20261003/NATIVE_MANIFEST.json
100644 blob 0d6990d5d0b80ffdf943c41a3d3cddfda45f3d02    5580	benchmarks/shared-mesh-fanout-20261003/PARENT_NATIVE_COMMANDS.json
100644 blob cda37c232784cf530ba5ebbf4cb10b87e988192c    1596	benchmarks/shared-mesh-fanout-20261003/PREPARATION_REPORT.json
100644 blob 916b5fc90728fa3d70b8b5e5881e72e3f89efc3a    4121	benchmarks/shared-mesh-fanout-20261003/QUIESCENCE.json
100644 blob a2f21a9beb185c8fa1720622433ad68565e2b7e8    5095	benchmarks/shared-mesh-fanout-20261003/README.md
100644 blob 62957bbd0fd6706d0d270ebcda1456f0d822c8e9    5702	benchmarks/shared-mesh-fanout-20261003/REPORT.md
100644 blob 361e3adb922d7c91276d4ffef7da15b2192b18e0    7802	benchmarks/shared-mesh-fanout-20261003/SHA256SUMS
100644 blob 58bef7236b8218dc9270800f38dec216a544b1fd    1863	benchmarks/shared-mesh-fanout-20261003/SOURCE_TRACE.json
100644 blob 1c8b1fd9801721247685e3224cbafaa30c999e8e    2311	benchmarks/shared-mesh-fanout-20261003/author-a/frame-proof.mjs
100644 blob e702ddbaf2899342033ff59c6a89a711cc0e6ffc     536	benchmarks/shared-mesh-fanout-20261003/author-a/index.html
100644 blob a664f003b8a37228329555dd1eb0de79823e3ded   20063	benchmarks/shared-mesh-fanout-20261003/author-a/legacy-scene.mjs
100644 blob eaa8d939b40596f262b00af0b41b5c73afb55585   12197	benchmarks/shared-mesh-fanout-20261003/author-a/main.mjs
100644 blob 5e0200963a2897a46720f097e5481eb675ef7263    1275	benchmarks/shared-mesh-fanout-20261003/author-a/mirror-observer.mjs
100644 blob ff48c69689d17cd02a2729923db2db8eb316677f    5343	benchmarks/shared-mesh-fanout-20261003/author-a/native-evidence.mjs
100644 blob e61df4a4adedf828c548d1382748e29b3f8a2266    8804	benchmarks/shared-mesh-fanout-20261003/author-a/scene-system.mjs
100644 blob f7beb38a438c4db3cebdf38b489ffa0dd62efffc    1476	benchmarks/shared-mesh-fanout-20261003/author-a/scene.mjs
100644 blob 24ad215ef57aa7c80e39c48e0314c1d88efb84fb    2108	benchmarks/shared-mesh-fanout-20261003/author-a/worker.mjs
100644 blob 3e9ff098b04e1566a99e373a97fae7f64d5239f5    2987	benchmarks/shared-mesh-fanout-20261003/compare.py
100644 blob 2a22df65c9851cb8aba6b7b11421dad5a02588d4    4621	benchmarks/shared-mesh-fanout-20261003/contract.mjs
100644 blob 1e6b115ec4e1a99dc29a4575a0ce1fd1c0482d70   87553	benchmarks/shared-mesh-fanout-20261003/cpu-001.log
100644 blob d04cdfffdb1cb2a516d829f081df79d85a0a49a4    3946	benchmarks/shared-mesh-fanout-20261003/cpu-002.log
100644 blob 181b04a70e5f447003cdac455f35c6d51e571bb3    4107	benchmarks/shared-mesh-fanout-20261003/cpu-003.log
100644 blob 1fb17a163186ae5d7bbc1ce2b156f1bf4c1cb5c6    4670	benchmarks/shared-mesh-fanout-20261003/cpu-004.log
100644 blob 8696f94c6b059dca2f881797f576ee611dc509ff    4729	benchmarks/shared-mesh-fanout-20261003/cpu-005.log
100644 blob 6d1a8e596a33c0dddcfa2017dce16d3e23a17d12    5170	benchmarks/shared-mesh-fanout-20261003/cpu-006.log
100644 blob 67319b9c3130294ef8703890fb7521abe5806473    5172	benchmarks/shared-mesh-fanout-20261003/cpu-frozen-001.log
100644 blob 2b00695dfb0a56a4f6dbdfa6f6605a935ae401f2    1966	benchmarks/shared-mesh-fanout-20261003/cpu-loader.mjs
100644 blob 192df6a8c411c76863ee7222f3845cee99e7747c   18234	benchmarks/shared-mesh-fanout-20261003/cpu.test.mjs
100644 blob 3953c69e41f7c30520a256422e6a092426e43f78    5486	benchmarks/shared-mesh-fanout-20261003/derivation.json
100644 blob 63abc8c701252801dcd3d8712de90474f4cae023   15386	benchmarks/shared-mesh-fanout-20261003/fanout-checks.mjs
100644 blob b25168ea7cbb7185b5fa58517c20764603b5bb60     439	benchmarks/shared-mesh-fanout-20261003/final-audit-001.json
100644 blob 3855bd541f4bb01162aa92955e222dbb1900f537     390	benchmarks/shared-mesh-fanout-20261003/final-audit-001.log
100644 blob 3aa4ab430e9b5e769291dfab31a468bfb13b3859    1910	benchmarks/shared-mesh-fanout-20261003/final-audit.mjs
100644 blob 8ed0d79e58ffb2ad863170334c428ef5de4dfcbe    1697	benchmarks/shared-mesh-fanout-20261003/format-001.log
100644 blob 6e96ecffd4679d566a7cf6e05c4239e95c6b205c     180	benchmarks/shared-mesh-fanout-20261003/format-002.log
100644 blob 25d19932a627ff21d0f6e240a4db34511122239e     245	benchmarks/shared-mesh-fanout-20261003/format-003.log
100644 blob 32c7a680b80e814c3dcba6e597025cd5a593ab2a     127	benchmarks/shared-mesh-fanout-20261003/format-004.log
100644 blob 57186123adbf089693383701e72536f51a81f9dc     315	benchmarks/shared-mesh-fanout-20261003/format-005.log
100644 blob 79b0e1924315033bfde028cc8080ad1d3149a424     109	benchmarks/shared-mesh-fanout-20261003/freeze-001.log
100644 blob 82e818f0b6b7062c6782583fe1106c26e430388b    5955	benchmarks/shared-mesh-fanout-20261003/freeze.mjs
100644 blob 04eade9cfb02d496a3c02ad7b4d8d3dd2a4e353d    7385	benchmarks/shared-mesh-fanout-20261003/frozen-contract.json
100644 blob 44205813d39b92eff51cf379655547eb822a8151   11478	benchmarks/shared-mesh-fanout-20261003/harness/base-checks.mjs
100644 blob 8f94ab911b02e0b0d124a08e8e80f255b364dd1b    1247	benchmarks/shared-mesh-fanout-20261003/harness/checks.mjs
100644 blob 2d495e5c645b50c8de3ca6b80f45e987b22129ca   12305	benchmarks/shared-mesh-fanout-20261003/harness/client.mjs
100644 blob db49bddc527b3734fbe3450633939781282f8b4a     341	benchmarks/shared-mesh-fanout-20261003/harness/contract.mjs
100644 blob c5bf7137f3ba73f217cd53e5c493a4e38881094d   13572	benchmarks/shared-mesh-fanout-20261003/harness/recorder.mjs
100644 blob f7d2d39be252e54350b5bcc4e9b9c6c5228dcc8e     526	benchmarks/shared-mesh-fanout-20261003/lifecycle-audits-native/cleanup-20261003T204028Z-031e6e6be2a84fd497bba5324da59261.jsonl
100644 blob 5e82608c863c3dad3e07503d6e9a06fa26b8f032     501	benchmarks/shared-mesh-fanout-20261003/lifecycle-audits/cleanup-20261003T200857Z-74ce7284661344b8939269b15a66a1a0.jsonl
100644 blob dae60c518160a96521a70cf3649138ee3a8d52c4     501	benchmarks/shared-mesh-fanout-20261003/lifecycle-audits/cleanup-20261003T200917Z-720dfa61b54f4356ae9672aa3aa3dc38.jsonl
100644 blob 7acae984e787426af8a204ed7525dc7dfc29c89a     506	benchmarks/shared-mesh-fanout-20261003/lifecycle-audits/cleanup-20261003T201258Z-c75593c5cf3843a59bb5cf5554155d20.jsonl
100644 blob 60a97380f54300fdf52605da7d12330048bbd080     503	benchmarks/shared-mesh-fanout-20261003/lifecycle-audits/cleanup-20261003T201827Z-7f43caa12910412382c2707d7ebb2e8b.jsonl
100644 blob d372a46723aaa4557930673a7881acd43b7d70d0     517	benchmarks/shared-mesh-fanout-20261003/lifecycle-audits/cleanup-20261003T201926Z-bd1392d3878a4018b68412e80d313fc6.jsonl
100644 blob db4068a40e16d243fef6675621b6079926ee9d29     514	benchmarks/shared-mesh-fanout-20261003/lifecycle-audits/cleanup-20261003T202008Z-2dedb7a935214ba78c031f7ed978eec7.jsonl
100644 blob c22256421616583ee610b3720e70014bc8b5b5eb     521	benchmarks/shared-mesh-fanout-20261003/lifecycle-audits/cleanup-20261003T202008Z-956c58d4283642bd9a9d19d559044969.jsonl
100644 blob db430fcb5aae4d60858fda288ff008a2e686049f     517	benchmarks/shared-mesh-fanout-20261003/lifecycle-audits/cleanup-20261003T202047Z-c21e32694c384ab6b17f0c62ebc64822.jsonl
100644 blob 8cab98693307a54176ae93727e0be89585e27c95     506	benchmarks/shared-mesh-fanout-20261003/lifecycle-audits/cleanup-20261003T202209Z-5f60050b05754324800d548e141af759.jsonl
100644 blob b9b8860548d71e8952ac1df2b84c80b2d1a31bc1     517	benchmarks/shared-mesh-fanout-20261003/lifecycle-audits/cleanup-20261003T202210Z-d6d8a7e348d540318a5a2dad6887553e.jsonl
100644 blob 01f3ba0f57f1ced9c92dabe8dabb392d48c16e5f     520	benchmarks/shared-mesh-fanout-20261003/lifecycle-audits/cleanup-20261003T202359Z-a6078d30fcaf4a6796cb861ac4d898c3.jsonl
100644 blob d87fcf97f6b43d3a941b49d46e500c85f382272f     511	benchmarks/shared-mesh-fanout-20261003/lifecycle-audits/cleanup-20261003T202359Z-de8908480dc54cbabdb5723cbecd54ed.jsonl
100644 blob 074c08f0cbcdf8cd67fd2d14c17d0798a19a986b     521	benchmarks/shared-mesh-fanout-20261003/lifecycle-audits/cleanup-20261003T202603Z-8df0628992c84dceb307db6d761adced.jsonl
100644 blob 352dc737fbd6b0328ddd12ec2184e7ac1e9d7544     516	benchmarks/shared-mesh-fanout-20261003/lifecycle-audits/cleanup-20261003T202748Z-a1642d81398f4e7a83faf2b8066bd227.jsonl
100644 blob 8302e25b5c5bc9730611dfc366cb017c76e243b7     533	benchmarks/shared-mesh-fanout-20261003/lifecycle-audits/cleanup-20261003T202749Z-d14f3dea701d421e8fa33ef59dcb58fe.jsonl
100644 blob fe26624dd6fbacebb09b3b1565796bdc1b2ccfb3     556	benchmarks/shared-mesh-fanout-20261003/lifecycle-audits/cleanup-20261003T202847Z-d72c6778a57c43cdbfd55c810dbe3ef6.jsonl
100644 blob cd754a27566a7ddbd77caaf20fb7e444c2bf83d3   19032	benchmarks/shared-mesh-fanout-20261003/native-observer.mjs
100644 blob 96850229f353f08d8bdb930e6524d5c514d217f4    9358	benchmarks/shared-mesh-fanout-20261003/observer.test.mjs
100644 blob 1c22996f53baef66df85bdea8677f9951a6ab3d2     869	benchmarks/shared-mesh-fanout-20261003/parent-native-command.mjs
100644 blob 430a161a62f952bc620ae59884743f159563926a  516261	benchmarks/shared-mesh-fanout-20261003/preflight-001.json
100644 blob 5268f2acb0f1bf60b722f3dd9c52f14f5e63629e     461	benchmarks/shared-mesh-fanout-20261003/preflight-001.log
100644 blob 5064dbc419483cbbbea045123489d9e3572e9513  516261	benchmarks/shared-mesh-fanout-20261003/preflight-002.json
100644 blob b826bb39b3d652ec50be99c561f84d0f4af1d0a6     670	benchmarks/shared-mesh-fanout-20261003/preflight-002.log
100644 blob 5064dbc419483cbbbea045123489d9e3572e9513  516261	benchmarks/shared-mesh-fanout-20261003/preflight-frozen-001.json
100644 blob 9f938f424f99ca1474a7e8c4c235b7a3e05ed335     468	benchmarks/shared-mesh-fanout-20261003/preflight-frozen-001.log
100644 blob c83e427ef2c5918c32a1fbcf30f2f761ad667fe3    3410	benchmarks/shared-mesh-fanout-20261003/preflight.mjs
100644 blob 620fe47d47f15f1db2d3a33c1eb82f9b90b68f94     282	benchmarks/shared-mesh-fanout-20261003/preparation-failure-001.log
100644 blob 01a57f3e8cd14da58e11a474a921bac2be8d846b      62	benchmarks/shared-mesh-fanout-20261003/prepare-001.log
100644 blob eb5c46a4e92c42a36143feae7438eb5d646a738d    2817	benchmarks/shared-mesh-fanout-20261003/prepare.mjs
100644 blob 52c23f1010da3568eb30187f3b475ad3bf955a91 2939516	benchmarks/shared-mesh-fanout-20261003/renders/aperture/live/attempt-001/failure.json
100644 blob 6f1a528fb5381b815f5c0613348ab8f649658bf7    2028	benchmarks/shared-mesh-fanout-20261003/renders/aperture/live/attempt-001/inputs.json
100644 blob 98890e3fc613016671fbfac2b987286b64c27f79  369055	benchmarks/shared-mesh-fanout-20261003/renders/aperture/live/attempt-001/loaded-inputs.json
100644 blob 9fe5560897a7bf904c74fc7f4d88ebddc5d82fae    1278	benchmarks/shared-mesh-fanout-20261003/renders/aperture/live/attempt-001/outcome.json
100644 blob 9a8561eb01cb607ca52b15d0aa7f166e8f97486d     143	benchmarks/shared-mesh-fanout-20261003/renders/aperture/live/attempt-001/receipts/000.json
100644 blob bce635710c3c7504295baf9cc2df2e4dfcaf2b9e     319	benchmarks/shared-mesh-fanout-20261003/renders/aperture/live/attempt-001/recorder-summary.json
100644 blob 671847b0ee863ba12a7c129b4dfc28e254baa7cc    2317	benchmarks/shared-mesh-fanout-20261003/renders/aperture/live/attempt-001/runner-failure.json
100644 blob 48f7895d4a878e8578c58c32a93953f17cf9157d    4068	benchmarks/shared-mesh-fanout-20261003/renders/aperture/live/attempt-001/verified-runner.json
100644 blob 6b77457e28ed5f260b599dd5c6cec30ac06db134    1138	benchmarks/shared-mesh-fanout-20261003/revalidate.mjs
100644 blob 11ff76d816d51814afe7cb7e22b664dba2d3cc83   12303	benchmarks/shared-mesh-fanout-20261003/run.mjs
100644 blob 06ef96a72d4c1f51e1ebf742071f326b349d37f5     687	benchmarks/shared-mesh-fanout-20261003/shader-contract.mjs
100644 blob 094d402c77c54c605a513b214305fcd32712fabf  580254	benchmarks/shared-mesh-fanout-20261003/source-pins.json
100644 blob 1988cd513397910b7b5f545939c86740faacc5d8    8181	benchmarks/shared-mesh-fanout-20261003/topology.mjs
