{"run": "run-882423709ad34b8895cfc151e9f3090b", "temporary_directory": "/workspace/scratch/0190a8c72f8a/aperture-tmp/run-882423709ad34b8895cfc151e9f3090b"}
✔ exact seven-session fourteen-state bounded contract (1.17404ms)
✔ all real ECS instances share explicit handles; once-per-handle cardinality changes and byte-exact resets (4985.249828ms)
INDEXED_FANOUT_CPU_SUMMARY {"kind":"CPU-only exploratory fixture validation; not native GPU proof","sessions":[{"session":"live","state":"s00-baseline","shared":true,"entityCount":13,"uniqueMeshHandles":5,"publications":0,"actualMirrorEntriesUpdated":10,"versions":[1,1,1,1,1,1,1,1,1]},{"session":"live","state":"s01-baseline--noop","shared":true,"entityCount":13,"uniqueMeshHandles":5,"publications":0,"actualMirrorEntriesUpdated":0,"versions":[1,1,1,1,1,1,1,1,1]},{"session":"live","state":"s02-grow","shared":true,"entityCount":13,"uniqueMeshHandles":5,"publications":3,"actualMirrorEntriesUpdated":3,"versions":[2,2,2,2,2,2,2,2,2]},{"session":"live","state":"s03-grow--noop","shared":true,"entityCount":13,"uniqueMeshHandles":5,"publications":3,"actualMirrorEntriesUpdated":0,"versions":[2,2,2,2,2,2,2,2,2]},{"session":"live","state":"s04-shrink","shared":true,"entityCount":13,"uniqueMeshHandles":5,"publications":6,"actualMirrorEntriesUpdated":3,"versions":[3,3,3,3,3,3,3,3,3]},{"session":"live","state":"s05-baseline","shared":true,"entityCount":13,"uniqueMeshHandles":5,"publications":9,"actualMirrorEntriesUpdated":3,"versions":[4,4,4,4,4,4,4,4,4]},{"session":"live","state":"s06-grow","shared":true,"entityCount":13,"uniqueMeshHandles":5,"publications":12,"actualMirrorEntriesUpdated":3,"versions":[5,5,5,5,5,5,5,5,5]},{"session":"live","state":"s07-baseline","shared":true,"entityCount":13,"uniqueMeshHandles":5,"publications":15,"actualMirrorEntriesUpdated":3,"versions":[6,6,6,6,6,6,6,6,6]},{"session":"shared-baseline","state":"s00-shared-baseline","shared":true,"entityCount":13,"uniqueMeshHandles":5,"publications":0,"actualMirrorEntriesUpdated":10,"versions":[1,1,1,1,1,1,1,1,1]},{"session":"shared-grow","state":"s00-shared-grow","shared":true,"entityCount":13,"uniqueMeshHandles":5,"publications":0,"actualMirrorEntriesUpdated":10,"versions":[1,1,1,1,1,1,1,1,1]},{"session":"shared-shrink","state":"s00-shared-shrink","shared":true,"entityCount":13,"uniqueMeshHandles":5,"publications":0,"actualMirrorEntriesUpdated":10,"versions":[1,1,1,1,1,1,1,1,1]},{"session":"unshared-baseline","state":"s00-unshared-baseline","shared":false,"entityCount":13,"uniqueMeshHandles":11,"publications":0,"actualMirrorEntriesUpdated":16,"versions":[1,1,1,1,1,1,1,1,1]},{"session":"unshared-grow","state":"s00-unshared-grow","shared":false,"entityCount":13,"uniqueMeshHandles":11,"publications":0,"actualMirrorEntriesUpdated":16,"versions":[1,1,1,1,1,1,1,1,1]},{"session":"unshared-shrink","state":"s00-unshared-shrink","shared":false,"entityCount":13,"uniqueMeshHandles":11,"publications":0,"actualMirrorEntriesUpdated":16,"versions":[1,1,1,1,1,1,1,1,1]}],"negativeControls":["missing-second","missing-third","stale-second","stale-third","duplicate-publication","wrong-transform","stale-range","missing-index-buffer","stale-index-range","stale-raw-index","missing-snapshot-second","stale-snapshot-third","stale-mirror-version","stale-mirror-bytes","old-shadow-after-clear-only","wrong-sampled-shadow-content","not-submitted","orphan-command","wrong-count","wrong-start","wrong-first-instance","missing-second-instance","missing-third-instance","wrong-exact-vertex-buffer","wrong-exact-transform-buffer","wrong-bound-range","wrong-bound-offset","unwritten-active-bytes","stale-upload","guessed-pass-label","wrong-shadow-texture","wrong-indirect-active-count","wrong-indirect-first-instance","wrong-indirect-three-instance-count","wrong-indirect-first-index","negative-signed-base-vertex","positive-base-vertex","different-argument-buffer-same-label","first-instance-feature-missing","wrong-index-buffer-object","wrong-index-format","wrong-index-binding-offset","truncated-index-binding","stale-index-bytes","wrong-index-submit-version","index-gpu-storage-usage","index-query-resolve-usage","index-unproven-mutation","stale-indirect-argument-submission","unsubmitted-indirect-draw","wrong-indirect-object-same-label","indirect-stale-geometry-bytes","indirect-wrong-packed-transform"],"browsersLaunched":0,"serversStarted":0,"identityIndexing":{"topologies":3,"pipeInstancesPerState":9,"originalCornerStreamsExact":true,"localBoundsExact":true,"deduplication":false,"memoryClaim":false},"indexedCommandChain":{"actualCompiledPlanner":true,"actualCompiledConverter":true,"actualCompiledExecutor":true,"simulatedDeviceOnly":true,"slotBytes":20,"decoded":[[288,3,0,0,0],[288,3,0,0,3],[96,3,0,0,6]],"methods":["drawIndexedIndirect","drawIndexedIndirect","drawIndexedIndirect"],"nativeExecution":false},"indexedCommandChains":[{"session":"shared-baseline","actualCompiledPlanner":true,"actualCompiledConverter":true,"actualCompiledExecutor":true,"simulatedDeviceOnly":true,"slotBytes":20,"decoded":[[864,3,0,0,0],[864,3,0,0,3],[144,3,0,0,6]],"methods":["drawIndexedIndirect","drawIndexedIndirect","drawIndexedIndirect"],"nativeExecution":false},{"session":"shared-grow","actualCompiledPlanner":true,"actualCompiledConverter":true,"actualCompiledExecutor":true,"simulatedDeviceOnly":true,"slotBytes":20,"decoded":[[2304,3,0,0,0],[2304,3,0,0,3],[192,3,0,0,6]],"methods":["drawIndexedIndirect","drawIndexedIndirect","drawIndexedIndirect"],"nativeExecution":false},{"session":"shared-shrink","actualCompiledPlanner":true,"actualCompiledConverter":true,"actualCompiledExecutor":true,"simulatedDeviceOnly":true,"slotBytes":20,"decoded":[[288,3,0,0,0],[288,3,0,0,3],[96,3,0,0,6]],"methods":["drawIndexedIndirect","drawIndexedIndirect","drawIndexedIndirect"],"nativeExecution":false}],"eligibility":{"actualCompiledPacking":true,"actualCompiledDrawList":true,"coalescedRuns":[{"mesh":"prepared-mesh:mesh:pipe.hollow-elbow.inner.mesh","instances":3,"packedOffset":0},{"mesh":"prepared-mesh:mesh:pipe.hollow-elbow.outer.mesh","instances":3,"packedOffset":48},{"mesh":"prepared-mesh:mesh:pipe.hollow-elbow.rims.mesh","instances":3,"packedOffset":96}],"unsharedPacked":false,"nativeActivation":"unrun"},"syntheticCaptureBytes":6671747,"indirectSyntheticCaptureBytes":6671747,"compiledIndirectRoute":{"actualCompiledConversion":true,"actualCompiledExecutor":true,"argumentAllocationUsage":264,"slotBytes":20,"formats":[16,20],"nativeExecution":false},"sizeEstimates":{"rows":[{"session":"shared-grow","syntheticEvidenceBytes":6671176,"metadataReserveBytes":2097152,"maximumRecordBytes":16777216},{"session":"unshared-grow","syntheticEvidenceBytes":10480220,"metadataReserveBytes":2097152,"maximumRecordBytes":16777216}],"limitation":"CPU synthetic geometry/byte inventories plus conservative metadata reserve; actual native record remains independently bounded and must fail rather than exceed the unchanged gate."}}
✔ identity indexing preserves exact corner streams, normals, UVs and bounds at every topology (41.821322ms)
✔ actual installed packing and coalescing algorithms activate for all three shared groups (13.631331ms)
✔ fail-closed controls cover missing/stale second and third instances and per-entity publications (1385.30529ms)
✔ synthetic native joins reject wrong ranges, packed offsets, exact buffer objects and orphan commands (5753.304102ms)
✔ source-pinned shadow classifier equals installed built-in shader (9.756813ms)
▶ three indirect pipe draws retain exact current geometry, three instances and packed-transform gates
  ✔ wrong-indirect-active-count (304.322445ms)
  ✔ wrong-indirect-first-instance (288.912976ms)
  ✔ wrong-indirect-three-instance-count (295.648112ms)
  ✔ wrong-indirect-first-index (299.035339ms)
  ✔ negative-signed-base-vertex (317.741277ms)
  ✔ positive-base-vertex (290.825082ms)
  ✔ different-argument-buffer-same-label (347.712847ms)
  ✔ first-instance-feature-missing (272.541311ms)
  ✔ wrong-index-buffer-object (318.167294ms)
  ✔ wrong-index-format (286.76493ms)
  ✔ wrong-index-binding-offset (346.705438ms)
  ✔ truncated-index-binding (289.483895ms)
  ✔ stale-index-bytes (299.010069ms)
  ✔ wrong-index-submit-version (304.586224ms)
  ✔ index-gpu-storage-usage (323.220399ms)
  ✔ index-query-resolve-usage (278.969924ms)
  ✔ index-unproven-mutation (295.024768ms)
  ✔ stale-indirect-argument-submission (289.80397ms)
  ✔ unsubmitted-indirect-draw (313.222652ms)
  ✔ wrong-indirect-object-same-label (273.835343ms)
  ✔ indirect-stale-geometry-bytes (308.637868ms)
  ✔ indirect-wrong-packed-transform (324.17348ms)
✔ three indirect pipe draws retain exact current geometry, three instances and packed-transform gates (7177.476805ms)
✔ installed indirect conversion and native executor preserve 20-byte slots, 16/20-byte payloads and actual method (1.774768ms)
✔ bounded serialized synthetic capture estimates retain sixteen MiB recorder gate (351.23914ms)
✔ nonindexed sentinel accepts an unused retained index binding (41.064191ms)
▶ synthetic renderer diagnostics preserve prepared versions, cache, no-op and reset gates
  ✔ stale-prepared-source-version (52.735735ms)
  ✔ missing-prepared-source (58.395242ms)
  ✔ wrong-retained-cache-inventory (49.952336ms)
  ✔ noop-geometry-allocation (17.993177ms)
  ✔ noop-shadow-cache-miss (20.008271ms)
  ✔ reset-geometry-allocation (20.770039ms)
✔ synthetic renderer diagnostics preserve prepared versions, cache, no-op and reset gates (459.463791ms)
✔ 16/20-byte argument formats retain method, nonzero slot offsets and signed baseVertex (2.63748ms)
▶ indirect evidence fails closed on truncation, alignment, initialization, object, version and usage defects
  ✔ missing-buffer (0.527727ms)
  ✔ misaligned-offset (0.196646ms)
  ✔ negative-offset (0.13891ms)
  ✔ unsafe-offset (0.171249ms)
  ✔ truncated-allocation (0.13073ms)
  ✔ truncated-preserved-bytes (0.24968ms)
  ✔ missing-written-ranges (0.23011ms)
  ✔ unwritten-last-byte (0.228162ms)
  ✔ unwritten-middle (0.251797ms)
  ✔ invalid-byte (0.926638ms)
  ✔ sparse-byte (0.177052ms)
  ✔ same-label-different-object (0.122709ms)
  ✔ ambiguous-object (4.080373ms)
  ✔ stale-submission (0.193064ms)
  ✔ missing-version (0.111704ms)
  ✔ zero-version (0.260653ms)
  ✔ destroyed-buffer (0.480141ms)
  ✔ no-upload (0.165182ms)
  ✔ missing-indirect-usage (0.088223ms)
  ✔ gpu-storage-writable (0.066762ms)
  ✔ query-resolve-writable (0.103012ms)
  ✔ unproven-copy-clear (0.139674ms)
  ✔ missing-uncertainty-record (0.105495ms)
  ✔ first-instance-feature-absent (0.201028ms)
  ✔ unsubmitted-command (0.099893ms)
  ✔ wrong-encoder (0.062153ms)
  ✔ orphan-submission (0.149157ms)
  ✔ fabricated-direct-count (0.142747ms)
  ✔ fabricated-direct-instance-count (0.098754ms)
✔ indirect evidence fails closed on truncation, alignment, initialization, object, version and usage defects (12.988244ms)
✔ actual indirect call buffer/offset and submit-time versions survive bundles, rewrites and later writes (2.5586ms)
✔ observer captures indexed signed arguments and refuses same-label substitution, unsubmitted and failed submission (1.238541ms)
▶ encoded copy/clear/texture/query mutations fail closed only after submission and CPU overwrites reestablish exact ranges
  ✔ copyBufferToBuffer (1.391737ms)
  ✔ clearBuffer (0.804917ms)
  ✔ copyTextureToBuffer (0.73014ms)
  ✔ resolveQuerySet (2.567564ms)
✔ encoded copy/clear/texture/query mutations fail closed only after submission and CPU overwrites reestablish exact ranges (5.985249ms)
✔ GPU-writable arguments remain unproven even after complete CPU upload (0.451079ms)
✔ observer preserves submit object joins, bundles, changed buffer versions and honest texture cache invalidation (7.304465ms)
ℹ tests 80
ℹ suites 0
ℹ pass 80
ℹ fail 0
ℹ cancelled 0
ℹ skipped 0
ℹ todo 0
ℹ duration_ms 20442.787243
