{"run": "run-a5ead70e40bc4bf58bc82738f54cc780", "temporary_directory": "/workspace/scratch/0190a8c72f8a/aperture-tmp/run-a5ead70e40bc4bf58bc82738f54cc780"}
{"ok": true, "files": 26, "unchanged": 17, "mode": "derive"}
✔ eight exactly bounded cold sessions select only existing catalog cameras and combined poses (1.408268ms)
✔ both full scene constructors, palettes, settings and poses are exactly unchanged (226.466672ms)
✖ actual Aperture ECS camera extraction changes view matrices while exact geometry/raw bytes stay invariant (311.664343ms)
CPU_VIEW_SUMMARY {"scope":"CPU geometry/camera evidence, no native GPU/browser execution","states":[{"engine":"threejs","session":"rear-quarter-baseline","geometryAndRawBytesEqualFrontControl":true,"zeroFreshMutations":true,"actualMatrices":{"cameraId":133,"name":"rear-quarter","position":[-8,5,-9],"up":[0,1,0],"near":0.1,"far":100,"verticalSpan":10.5,"coordinateSystem":"webgpu","worldMatrix":[-0.7474093186836597,-2.7755575615628914e-17,0.6643638388299198,0,0.19029830679471366,0.9580991140706069,0.21408559514405284,0,-0.6365264054034936,0.2864368824315721,-0.7160922060789303,0,-8,5,-9,1],"viewMatrix":[-0.7474093186836599,0.19029830679471363,-0.6365264054034936,0,0,0.9580991140706069,0.2864368824315721,0,0.6643638388299199,0.21408559514405287,-0.7160922060789302,0,-5.551115123125783e-17,-1.3413387596988502,-12.969225510096182,1],"projectionMatrix":[0.19047619047619047,0,0,0,0,0.19047619047619047,0,0,0,0,-0.01001001001001001,0,0,0,-0.001001001001001001,1],"viewProjectionMatrix":[-0.14236367974926856,0.036247296532326403,0.006371635689724661,0,0,0.18249506934678225,-0.0028672360603760974,0,0.12654549311046093,0.04077820859886721,0.007168090150940242,0,-1.057355261547768e-17,-0.2554930970854953,0.12882107617713895,1]},"meshCount":63},{"engine":"threejs","session":"high-oblique-baseline","geometryAndRawBytesEqualFrontControl":true,"zeroFreshMutations":true,"actualMatrices":{"cameraId":198,"name":"high-oblique","position":[6,11,5],"up":[0,1,0],"near":0.1,"far":100,"verticalSpan":10.5,"coordinateSystem":"webgpu","worldMatrix":[0.64018439966448,0,-0.7682212795973757,0,-0.595915781750372,0.6310913660898039,-0.4965964847919767,0,0.484817816800365,0.7757085068805839,0.4040148473336377,0,6,11,5,1],"viewMatrix":[0.6401843996644799,-0.595915781750372,0.4848178168003649,0,-1.1102230246251563e-16,0.6310913660898038,0.775708506880584,0,-0.7682212795973756,-0.4965964847919768,0.4040148473336376,0,4.996003610813203e-16,-0.8835279125257253,-13.461774713156801,0.9999999999999998],"projectionMatrix":[0.19047619047619047,0,0,0,0,0.19047619047619047,0,0,0,0,-0.01001001001001001,0,0,0,-0.001001001001001001,1],"viewProjectionMatrix":[0.12193988565037713,-0.1135077679524518,-0.004853031199202852,0,-2.1147105230955355e-17,0.12020787925520071,-0.007764849918724565,0,-0.14632786278045248,-0.0945898066270432,-0.004044192666002378,0,9.51619735392991e-17,-0.16829103095728098,0.1337514986301982,0.9999999999999998]},"meshCount":63},{"engine":"threejs","session":"rear-quarter-all","geometryAndRawBytesEqualFrontControl":true,"zeroFreshMutations":true,"actualMatrices":{"cameraId":328,"name":"rear-quarter","position":[-8,5,-9],"up":[0,1,0],"near":0.1,"far":100,"verticalSpan":10.5,"coordinateSystem":"webgpu","worldMatrix":[-0.7474093186836597,-2.7755575615628914e-17,0.6643638388299198,0,0.19029830679471366,0.9580991140706069,0.21408559514405284,0,-0.6365264054034936,0.2864368824315721,-0.7160922060789303,0,-8,5,-9,1],"viewMatrix":[-0.7474093186836599,0.19029830679471363,-0.6365264054034936,0,0,0.9580991140706069,0.2864368824315721,0,0.6643638388299199,0.21408559514405287,-0.7160922060789302,0,-5.551115123125783e-17,-1.3413387596988502,-12.969225510096182,1],"projectionMatrix":[0.19047619047619047,0,0,0,0,0.19047619047619047,0,0,0,0,-0.01001001001001001,0,0,0,-0.001001001001001001,1],"viewProjectionMatrix":[-0.14236367974926856,0.036247296532326403,0.006371635689724661,0,0,0.18249506934678225,-0.0028672360603760974,0,0.12654549311046093,0.04077820859886721,0.007168090150940242,0,-1.057355261547768e-17,-0.2554930970854953,0.12882107617713895,1]},"meshCount":63},{"engine":"threejs","session":"high-oblique-all","geometryAndRawBytesEqualFrontControl":true,"zeroFreshMutations":true,"actualMatrices":{"cameraId":393,"name":"high-oblique","position":[6,11,5],"up":[0,1,0],"near":0.1,"far":100,"verticalSpan":10.5,"coordinateSystem":"webgpu","worldMatrix":[0.64018439966448,0,-0.7682212795973757,0,-0.595915781750372,0.6310913660898039,-0.4965964847919767,0,0.484817816800365,0.7757085068805839,0.4040148473336377,0,6,11,5,1],"viewMatrix":[0.6401843996644799,-0.595915781750372,0.4848178168003649,0,-1.1102230246251563e-16,0.6310913660898038,0.775708506880584,0,-0.7682212795973756,-0.4965964847919768,0.4040148473336376,0,4.996003610813203e-16,-0.8835279125257253,-13.461774713156801,0.9999999999999998],"projectionMatrix":[0.19047619047619047,0,0,0,0,0.19047619047619047,0,0,0,0,-0.01001001001001001,0,0,0,-0.001001001001001001,1],"viewProjectionMatrix":[0.12193988565037713,-0.1135077679524518,-0.004853031199202852,0,-2.1147105230955355e-17,0.12020787925520071,-0.007764849918724565,0,-0.14632786278045248,-0.0945898066270432,-0.004044192666002378,0,9.51619735392991e-17,-0.16829103095728098,0.1337514986301982,0.9999999999999998]},"meshCount":63}],"semanticChecks":138,"geometryChecks":2412}
✔ actual Three.js Mesh/BufferGeometry data stay invariant under the byte-derived native camera selector (196.38407ms)
ℹ tests 4
ℹ suites 0
ℹ pass 3
ℹ fail 1
ℹ cancelled 0
ℹ skipped 0
ℹ todo 0
ℹ duration_ms 843.193332

✖ failing tests:

test at benchmarks/crane-alternate-views-20261003/cpu.test.mjs:38:1
✖ actual Aperture ECS camera extraction changes view matrices while exact geometry/raw bytes stay invariant (311.664343ms)
  TypeError: snapshot.transforms.slice is not a function
      at inspectConsumedSnapshot (file:///workspace/scratch/0190a8c72f8a/aperture-recovery-20261002/benchmarks/crane-alternate-views-20261003/author-a/frame-proof.mjs:24:40)
      at TestContext.<anonymous> (file:///workspace/scratch/0190a8c72f8a/aperture-recovery-20261002/benchmarks/crane-alternate-views-20261003/cpu.test.mjs:56:22)
      at async Test.run (node:internal/test_runner/test:1389:7)
      at async Test.processPendingSubtests (node:internal/test_runner/test:960:7)
