{"run": "run-75fd0781a5664f0cbf4b863d17a3e858", "temporary_directory": "/workspace/scratch/0190a8c72f8a/aperture-tmp/run-75fd0781a5664f0cbf4b863d17a3e858"}
✔ exact seven-session fourteen-state bounded contract (1.160666ms)
✔ all real ECS instances share explicit handles; once-per-handle cardinality changes and byte-exact resets (6241.405623ms)
INDEXED_FANOUT_CPU_SUMMARY {"kind":"CPU-only exploratory fixture validation; not native GPU proof","sessions":[{"session":"live","state":"s00-baseline","shared":true,"entityCount":13,"uniqueMeshHandles":5,"publications":0,"actualMirrorEntriesUpdated":10,"versions":[1,1,1,1,1,1,1,1,1]},{"session":"live","state":"s01-baseline--noop","shared":true,"entityCount":13,"uniqueMeshHandles":5,"publications":0,"actualMirrorEntriesUpdated":0,"versions":[1,1,1,1,1,1,1,1,1]},{"session":"live","state":"s02-grow","shared":true,"entityCount":13,"uniqueMeshHandles":5,"publications":3,"actualMirrorEntriesUpdated":3,"versions":[2,2,2,2,2,2,2,2,2]},{"session":"live","state":"s03-grow--noop","shared":true,"entityCount":13,"uniqueMeshHandles":5,"publications":3,"actualMirrorEntriesUpdated":0,"versions":[2,2,2,2,2,2,2,2,2]},{"session":"live","state":"s04-shrink","shared":true,"entityCount":13,"uniqueMeshHandles":5,"publications":6,"actualMirrorEntriesUpdated":3,"versions":[3,3,3,3,3,3,3,3,3]},{"session":"live","state":"s05-baseline","shared":true,"entityCount":13,"uniqueMeshHandles":5,"publications":9,"actualMirrorEntriesUpdated":3,"versions":[4,4,4,4,4,4,4,4,4]},{"session":"live","state":"s06-grow","shared":true,"entityCount":13,"uniqueMeshHandles":5,"publications":12,"actualMirrorEntriesUpdated":3,"versions":[5,5,5,5,5,5,5,5,5]},{"session":"live","state":"s07-baseline","shared":true,"entityCount":13,"uniqueMeshHandles":5,"publications":15,"actualMirrorEntriesUpdated":3,"versions":[6,6,6,6,6,6,6,6,6]},{"session":"shared-baseline","state":"s00-shared-baseline","shared":true,"entityCount":13,"uniqueMeshHandles":5,"publications":0,"actualMirrorEntriesUpdated":10,"versions":[1,1,1,1,1,1,1,1,1]},{"session":"shared-grow","state":"s00-shared-grow","shared":true,"entityCount":13,"uniqueMeshHandles":5,"publications":0,"actualMirrorEntriesUpdated":10,"versions":[1,1,1,1,1,1,1,1,1]},{"session":"shared-shrink","state":"s00-shared-shrink","shared":true,"entityCount":13,"uniqueMeshHandles":5,"publications":0,"actualMirrorEntriesUpdated":10,"versions":[1,1,1,1,1,1,1,1,1]},{"session":"unshared-baseline","state":"s00-unshared-baseline","shared":false,"entityCount":13,"uniqueMeshHandles":11,"publications":0,"actualMirrorEntriesUpdated":16,"versions":[1,1,1,1,1,1,1,1,1]},{"session":"unshared-grow","state":"s00-unshared-grow","shared":false,"entityCount":13,"uniqueMeshHandles":11,"publications":0,"actualMirrorEntriesUpdated":16,"versions":[1,1,1,1,1,1,1,1,1]},{"session":"unshared-shrink","state":"s00-unshared-shrink","shared":false,"entityCount":13,"uniqueMeshHandles":11,"publications":0,"actualMirrorEntriesUpdated":16,"versions":[1,1,1,1,1,1,1,1,1]}],"negativeControls":["missing-second","missing-third","stale-second","stale-third","duplicate-publication","wrong-transform","stale-range","missing-snapshot-second","stale-snapshot-third","stale-mirror-version","stale-mirror-bytes","old-shadow-after-clear-only","wrong-sampled-shadow-content","not-submitted","orphan-command","wrong-count","wrong-start","wrong-first-instance","missing-second-instance","missing-third-instance","wrong-exact-vertex-buffer","wrong-exact-transform-buffer","wrong-bound-range","wrong-bound-offset","unwritten-active-bytes","stale-upload","guessed-pass-label","wrong-shadow-texture","wrong-indirect-active-count","wrong-indirect-first-instance","wrong-indirect-three-instance-count","wrong-indirect-first-index","negative-signed-base-vertex","positive-base-vertex","different-argument-buffer-same-label","first-instance-feature-missing","wrong-index-buffer-object","wrong-index-format","wrong-index-binding-offset","truncated-index-binding","stale-index-bytes","wrong-index-submit-version","index-gpu-storage-usage","index-query-resolve-usage","index-unproven-mutation","stale-indirect-argument-submission","unsubmitted-indirect-draw","wrong-indirect-object-same-label","indirect-stale-geometry-bytes","indirect-wrong-packed-transform"],"browsersLaunched":0,"serversStarted":0,"identityIndexing":{"topologies":3,"pipeInstancesPerState":9,"originalCornerStreamsExact":true,"localBoundsExact":true,"deduplication":false,"memoryClaim":false},"indexedCommandChain":{"actualCompiledPlanner":true,"actualCompiledConverter":true,"actualCompiledExecutor":true,"simulatedDeviceOnly":true,"slotBytes":20,"decoded":[[864,3,0,0,0],[864,3,0,0,3],[144,3,0,0,6]],"methods":["drawIndexedIndirect","drawIndexedIndirect","drawIndexedIndirect"],"nativeExecution":false},"eligibility":{"actualCompiledPacking":true,"actualCompiledDrawList":true,"coalescedRuns":[{"mesh":"prepared-mesh:mesh:pipe.hollow-elbow.inner.mesh","instances":3,"packedOffset":0},{"mesh":"prepared-mesh:mesh:pipe.hollow-elbow.outer.mesh","instances":3,"packedOffset":48},{"mesh":"prepared-mesh:mesh:pipe.hollow-elbow.rims.mesh","instances":3,"packedOffset":96}],"unsharedPacked":false,"nativeActivation":"unrun"},"syntheticCaptureBytes":6671747,"indirectSyntheticCaptureBytes":6671747,"compiledIndirectRoute":{"actualCompiledConversion":true,"actualCompiledExecutor":true,"argumentAllocationUsage":264,"slotBytes":20,"formats":[16,20],"nativeExecution":false},"sizeEstimates":{"rows":[{"session":"shared-grow","syntheticEvidenceBytes":6671176,"metadataReserveBytes":2097152,"maximumRecordBytes":16777216},{"session":"unshared-grow","syntheticEvidenceBytes":10480220,"metadataReserveBytes":2097152,"maximumRecordBytes":16777216}],"limitation":"CPU synthetic geometry/byte inventories plus conservative metadata reserve; actual native record remains independently bounded and must fail rather than exceed the unchanged gate."}}
✔ identity indexing preserves exact corner streams, normals, UVs and bounds at every topology (44.947582ms)
✔ actual installed packing and coalescing algorithms activate for all three shared groups (14.292999ms)
✔ fail-closed controls cover missing/stale second and third instances and per-entity publications (1034.500521ms)
✔ synthetic native joins reject wrong ranges, packed offsets, exact buffer objects and orphan commands (10058.999481ms)
✔ source-pinned shadow classifier equals installed built-in shader (8.784193ms)
▶ three indirect pipe draws retain exact current geometry, three instances and packed-transform gates
  ✔ wrong-indirect-active-count (326.3949ms)
  ✔ wrong-indirect-first-instance (286.586777ms)
  ✔ wrong-indirect-three-instance-count (306.815261ms)
  ✔ wrong-indirect-first-index (277.876134ms)
  ✔ negative-signed-base-vertex (293.950401ms)
  ✔ positive-base-vertex (283.8771ms)
  ✔ different-argument-buffer-same-label (346.280151ms)
  ✔ first-instance-feature-missing (273.857127ms)
  ✔ wrong-index-buffer-object (304.027284ms)
  ✔ wrong-index-format (270.257553ms)
  ✔ wrong-index-binding-offset (288.729755ms)
  ✔ truncated-index-binding (272.318574ms)
  ✔ stale-index-bytes (284.287975ms)
  ✔ wrong-index-submit-version (275.880387ms)
  ✔ index-gpu-storage-usage (301.856037ms)
  ✔ index-query-resolve-usage (295.221623ms)
  ✔ index-unproven-mutation (282.10761ms)
  ✔ stale-indirect-argument-submission (264.462015ms)
  ✔ unsubmitted-indirect-draw (285.76312ms)
  ✔ wrong-indirect-object-same-label (262.635232ms)
  ✔ indirect-stale-geometry-bytes (295.099366ms)
  ✔ indirect-wrong-packed-transform (309.512782ms)
✔ three indirect pipe draws retain exact current geometry, three instances and packed-transform gates (6853.588014ms)
✔ installed indirect conversion and native executor preserve 20-byte slots, 16/20-byte payloads and actual method (1.029539ms)
✔ bounded serialized synthetic capture estimates retain sixteen MiB recorder gate (341.06795ms)
✔ nonindexed sentinel accepts an unused retained index binding (40.756832ms)
▶ synthetic renderer diagnostics preserve prepared versions, cache, no-op and reset gates
  ✔ stale-prepared-source-version (46.337958ms)
  ✔ missing-prepared-source (44.264925ms)
  ✔ wrong-retained-cache-inventory (44.159753ms)
  ✔ noop-geometry-allocation (14.868313ms)
  ✔ noop-shadow-cache-miss (17.674297ms)
  ✔ reset-geometry-allocation (25.471021ms)
✔ synthetic renderer diagnostics preserve prepared versions, cache, no-op and reset gates (415.276365ms)
✔ 16/20-byte argument formats retain method, nonzero slot offsets and signed baseVertex (1.640459ms)
▶ indirect evidence fails closed on truncation, alignment, initialization, object, version and usage defects
  ✔ missing-buffer (0.43417ms)
  ✔ misaligned-offset (0.23722ms)
  ✔ negative-offset (0.154358ms)
  ✔ unsafe-offset (0.159376ms)
  ✔ truncated-allocation (0.133013ms)
  ✔ truncated-preserved-bytes (0.169705ms)
  ✔ missing-written-ranges (0.154882ms)
  ✔ unwritten-last-byte (0.188103ms)
  ✔ unwritten-middle (0.203966ms)
  ✔ invalid-byte (0.151596ms)
  ✔ sparse-byte (0.108288ms)
  ✔ same-label-different-object (0.141066ms)
  ✔ ambiguous-object (1.06574ms)
  ✔ stale-submission (0.178349ms)
  ✔ missing-version (0.096151ms)
  ✔ zero-version (0.114718ms)
  ✔ destroyed-buffer (0.076736ms)
  ✔ no-upload (0.117304ms)
  ✔ missing-indirect-usage (0.082921ms)
  ✔ gpu-storage-writable (0.128237ms)
  ✔ query-resolve-writable (0.103752ms)
  ✔ unproven-copy-clear (0.159584ms)
  ✔ missing-uncertainty-record (0.09486ms)
  ✔ first-instance-feature-absent (0.084603ms)
  ✔ unsubmitted-command (0.08581ms)
  ✔ wrong-encoder (0.055701ms)
  ✔ orphan-submission (0.053179ms)
  ✔ fabricated-direct-count (0.099518ms)
  ✔ fabricated-direct-instance-count (0.085059ms)
✔ indirect evidence fails closed on truncation, alignment, initialization, object, version and usage defects (7.441661ms)
✔ actual indirect call buffer/offset and submit-time versions survive bundles, rewrites and later writes (2.548246ms)
✔ observer captures indexed signed arguments and refuses same-label substitution, unsubmitted and failed submission (1.074266ms)
▶ encoded copy/clear/texture/query mutations fail closed only after submission and CPU overwrites reestablish exact ranges
  ✔ copyBufferToBuffer (1.337254ms)
  ✔ clearBuffer (0.919959ms)
  ✔ copyTextureToBuffer (2.204399ms)
  ✔ resolveQuerySet (0.764341ms)
✔ encoded copy/clear/texture/query mutations fail closed only after submission and CPU overwrites reestablish exact ranges (5.829397ms)
✔ GPU-writable arguments remain unproven even after complete CPU upload (0.482674ms)
✔ observer preserves submit object joins, bundles, changed buffer versions and honest texture cache invalidation (6.864424ms)
ℹ tests 80
ℹ suites 0
ℹ pass 80
ℹ fail 0
ℹ cancelled 0
ℹ skipped 0
ℹ todo 0
ℹ duration_ms 25404.272902
