{"run": "run-de09784aa7d64099a2e19bae1ffc189f", "temporary_directory": "/workspace/scratch/0190a8c72f8a/aperture-tmp/run-de09784aa7d64099a2e19bae1ffc189f"}
✔ exact seven-session fourteen-state bounded contract (2.479312ms)
✔ all real ECS instances share explicit handles; once-per-handle cardinality changes and byte-exact resets (4363.390562ms)
INDEXED_FANOUT_CPU_SUMMARY {"kind":"CPU-only exploratory fixture validation; not native GPU proof","sessions":[{"session":"live","state":"s00-baseline","shared":true,"entityCount":13,"uniqueMeshHandles":5,"publications":0,"actualMirrorEntriesUpdated":10,"versions":[1,1,1,1,1,1,1,1,1]},{"session":"live","state":"s01-baseline--noop","shared":true,"entityCount":13,"uniqueMeshHandles":5,"publications":0,"actualMirrorEntriesUpdated":0,"versions":[1,1,1,1,1,1,1,1,1]},{"session":"live","state":"s02-grow","shared":true,"entityCount":13,"uniqueMeshHandles":5,"publications":3,"actualMirrorEntriesUpdated":3,"versions":[2,2,2,2,2,2,2,2,2]},{"session":"live","state":"s03-grow--noop","shared":true,"entityCount":13,"uniqueMeshHandles":5,"publications":3,"actualMirrorEntriesUpdated":0,"versions":[2,2,2,2,2,2,2,2,2]},{"session":"live","state":"s04-shrink","shared":true,"entityCount":13,"uniqueMeshHandles":5,"publications":6,"actualMirrorEntriesUpdated":3,"versions":[3,3,3,3,3,3,3,3,3]},{"session":"live","state":"s05-baseline","shared":true,"entityCount":13,"uniqueMeshHandles":5,"publications":9,"actualMirrorEntriesUpdated":3,"versions":[4,4,4,4,4,4,4,4,4]},{"session":"live","state":"s06-grow","shared":true,"entityCount":13,"uniqueMeshHandles":5,"publications":12,"actualMirrorEntriesUpdated":3,"versions":[5,5,5,5,5,5,5,5,5]},{"session":"live","state":"s07-baseline","shared":true,"entityCount":13,"uniqueMeshHandles":5,"publications":15,"actualMirrorEntriesUpdated":3,"versions":[6,6,6,6,6,6,6,6,6]},{"session":"shared-baseline","state":"s00-shared-baseline","shared":true,"entityCount":13,"uniqueMeshHandles":5,"publications":0,"actualMirrorEntriesUpdated":10,"versions":[1,1,1,1,1,1,1,1,1]},{"session":"shared-grow","state":"s00-shared-grow","shared":true,"entityCount":13,"uniqueMeshHandles":5,"publications":0,"actualMirrorEntriesUpdated":10,"versions":[1,1,1,1,1,1,1,1,1]},{"session":"shared-shrink","state":"s00-shared-shrink","shared":true,"entityCount":13,"uniqueMeshHandles":5,"publications":0,"actualMirrorEntriesUpdated":10,"versions":[1,1,1,1,1,1,1,1,1]},{"session":"unshared-baseline","state":"s00-unshared-baseline","shared":false,"entityCount":13,"uniqueMeshHandles":11,"publications":0,"actualMirrorEntriesUpdated":16,"versions":[1,1,1,1,1,1,1,1,1]},{"session":"unshared-grow","state":"s00-unshared-grow","shared":false,"entityCount":13,"uniqueMeshHandles":11,"publications":0,"actualMirrorEntriesUpdated":16,"versions":[1,1,1,1,1,1,1,1,1]},{"session":"unshared-shrink","state":"s00-unshared-shrink","shared":false,"entityCount":13,"uniqueMeshHandles":11,"publications":0,"actualMirrorEntriesUpdated":16,"versions":[1,1,1,1,1,1,1,1,1]}],"negativeControls":["missing-second","missing-third","stale-second","stale-third","duplicate-publication","wrong-transform","stale-range","missing-snapshot-second","stale-snapshot-third","stale-mirror-version","stale-mirror-bytes","old-shadow-after-clear-only","wrong-sampled-shadow-content","not-submitted","orphan-command","wrong-count","wrong-start","wrong-first-instance","missing-second-instance","missing-third-instance","wrong-exact-vertex-buffer","wrong-exact-transform-buffer","wrong-bound-range","wrong-bound-offset","unwritten-active-bytes","stale-upload","guessed-pass-label","wrong-shadow-texture","wrong-indirect-active-count","wrong-indirect-first-instance","wrong-indirect-three-instance-count","wrong-indirect-first-index","negative-signed-base-vertex","positive-base-vertex","first-instance-feature-missing","wrong-index-buffer-object","wrong-index-format","wrong-index-binding-offset","truncated-index-binding","stale-index-bytes","wrong-index-submit-version","index-gpu-storage-usage","index-query-resolve-usage","index-unproven-mutation","stale-indirect-argument-submission","unsubmitted-indirect-draw","wrong-indirect-object-same-label","indirect-stale-geometry-bytes","indirect-wrong-packed-transform"],"browsersLaunched":0,"serversStarted":0,"identityIndexing":{"topologies":3,"pipeInstancesPerState":9,"originalCornerStreamsExact":true,"localBoundsExact":true,"deduplication":false,"memoryClaim":false},"indexedCommandChain":{"actualCompiledPlanner":true,"actualCompiledConverter":true,"actualCompiledExecutor":true,"simulatedDeviceOnly":true,"slotBytes":20,"decoded":[[864,3,0,0,0],[864,3,0,0,3],[144,3,0,0,6]],"methods":["drawIndexedIndirect","drawIndexedIndirect","drawIndexedIndirect"],"nativeExecution":false},"eligibility":{"actualCompiledPacking":true,"actualCompiledDrawList":true,"coalescedRuns":[{"mesh":"prepared-mesh:mesh:pipe.hollow-elbow.inner.mesh","instances":3,"packedOffset":0},{"mesh":"prepared-mesh:mesh:pipe.hollow-elbow.outer.mesh","instances":3,"packedOffset":48},{"mesh":"prepared-mesh:mesh:pipe.hollow-elbow.rims.mesh","instances":3,"packedOffset":96}],"unsharedPacked":false,"nativeActivation":"unrun"},"syntheticCaptureBytes":6671747,"indirectSyntheticCaptureBytes":6671747,"compiledIndirectRoute":{"actualCompiledConversion":true,"actualCompiledExecutor":true,"argumentAllocationUsage":264,"slotBytes":20,"formats":[16,20],"nativeExecution":false},"sizeEstimates":{"rows":[{"session":"shared-grow","syntheticEvidenceBytes":6671176,"metadataReserveBytes":2097152,"maximumRecordBytes":16777216},{"session":"unshared-grow","syntheticEvidenceBytes":10480220,"metadataReserveBytes":2097152,"maximumRecordBytes":16777216}],"limitation":"CPU synthetic geometry/byte inventories plus conservative metadata reserve; actual native record remains independently bounded and must fail rather than exceed the unchanged gate."}}
✔ identity indexing preserves exact corner streams, normals, UVs and bounds at every topology (42.040053ms)
✔ actual installed packing and coalescing algorithms activate for all three shared groups (12.703392ms)
✔ fail-closed controls cover missing/stale second and third instances and per-entity publications (940.659211ms)
✔ synthetic native joins reject wrong ranges, packed offsets, exact buffer objects and orphan commands (5909.592641ms)
✔ source-pinned shadow classifier equals installed built-in shader (13.327691ms)
▶ three indirect pipe draws retain exact current geometry, three instances and packed-transform gates
  ✔ wrong-indirect-active-count (295.245133ms)
  ✔ wrong-indirect-first-instance (293.714196ms)
  ✔ wrong-indirect-three-instance-count (288.625854ms)
  ✔ wrong-indirect-first-index (308.710596ms)
  ✔ negative-signed-base-vertex (291.229064ms)
  ✔ positive-base-vertex (292.210407ms)
  ✔ first-instance-feature-missing (269.176208ms)
  ✔ wrong-index-buffer-object (288.5008ms)
  ✔ wrong-index-format (286.507102ms)
  ✔ wrong-index-binding-offset (281.921422ms)
  ✔ truncated-index-binding (290.900623ms)
  ✔ stale-index-bytes (283.828864ms)
  ✔ wrong-index-submit-version (292.531045ms)
  ✔ index-gpu-storage-usage (292.120023ms)
  ✔ index-query-resolve-usage (349.045292ms)
  ✔ index-unproven-mutation (287.27208ms)
  ✔ stale-indirect-argument-submission (285.859647ms)
  ✔ unsubmitted-indirect-draw (298.078721ms)
  ✔ wrong-indirect-object-same-label (294.168944ms)
  ✔ indirect-stale-geometry-bytes (301.907438ms)
  ✔ indirect-wrong-packed-transform (341.067591ms)
✔ three indirect pipe draws retain exact current geometry, three instances and packed-transform gates (6763.423934ms)
✔ installed indirect conversion and native executor preserve 20-byte slots, 16/20-byte payloads and actual method (1.396199ms)
✔ bounded serialized synthetic capture estimates retain sixteen MiB recorder gate (382.683067ms)
✔ nonindexed sentinel accepts an unused retained index binding (39.160616ms)
✔ 16/20-byte argument formats retain method, nonzero slot offsets and signed baseVertex (2.126811ms)
▶ indirect evidence fails closed on truncation, alignment, initialization, object, version and usage defects
  ✔ missing-buffer (0.771564ms)
  ✔ misaligned-offset (0.234345ms)
  ✔ negative-offset (0.183163ms)
  ✔ unsafe-offset (0.171646ms)
  ✔ truncated-allocation (0.139067ms)
  ✔ truncated-preserved-bytes (0.122446ms)
  ✔ missing-written-ranges (0.168209ms)
  ✔ unwritten-last-byte (0.194474ms)
  ✔ unwritten-middle (0.406429ms)
  ✔ invalid-byte (0.148362ms)
  ✔ sparse-byte (0.110907ms)
  ✔ same-label-different-object (0.090023ms)
  ✔ ambiguous-object (0.223514ms)
  ✔ stale-submission (0.228281ms)
  ✔ missing-version (0.115576ms)
  ✔ zero-version (0.127217ms)
  ✔ destroyed-buffer (0.100085ms)
  ✔ no-upload (0.529465ms)
  ✔ missing-indirect-usage (0.140904ms)
  ✔ gpu-storage-writable (0.091531ms)
  ✔ query-resolve-writable (0.124451ms)
  ✔ unproven-copy-clear (0.164659ms)
  ✔ missing-uncertainty-record (0.123596ms)
  ✔ first-instance-feature-absent (0.088554ms)
  ✔ unsubmitted-command (0.086212ms)
  ✔ wrong-encoder (0.057297ms)
  ✔ orphan-submission (0.055602ms)
  ✔ fabricated-direct-count (0.117194ms)
  ✔ fabricated-direct-instance-count (0.089621ms)
✔ indirect evidence fails closed on truncation, alignment, initialization, object, version and usage defects (8.691605ms)
✔ actual indirect call buffer/offset and submit-time versions survive bundles, rewrites and later writes (3.341416ms)
✔ observer captures indexed signed arguments and refuses same-label substitution, unsubmitted and failed submission (1.222739ms)
▶ encoded copy/clear/texture/query mutations fail closed only after submission and CPU overwrites reestablish exact ranges
  ✔ copyBufferToBuffer (1.561803ms)
  ✔ clearBuffer (0.929435ms)
  ✔ copyTextureToBuffer (1.879551ms)
  ✔ resolveQuerySet (0.626967ms)
✔ encoded copy/clear/texture/query mutations fail closed only after submission and CPU overwrites reestablish exact ranges (5.495178ms)
✔ GPU-writable arguments remain unproven even after complete CPU upload (0.841758ms)
✔ observer preserves submit object joins, bundles, changed buffer versions and honest texture cache invalidation (7.447607ms)
ℹ tests 72
ℹ suites 0
ℹ pass 72
ℹ fail 0
ℹ cancelled 0
ℹ skipped 0
ℹ todo 0
ℹ duration_ms 18618.476475
