{"run": "run-4b209a5499d84343a4d1df20209566de", "temporary_directory": "/workspace/scratch/0190a8c72f8a/aperture-tmp/run-4b209a5499d84343a4d1df20209566de"}
✔ exact seven-session fourteen-state bounded contract (1.436087ms)
✔ all real ECS instances share explicit handles; once-per-handle cardinality changes and byte-exact resets (4975.417635ms)
INDEXED_FANOUT_CPU_SUMMARY {"kind":"CPU-only exploratory fixture validation; not native GPU proof","sessions":[{"session":"live","state":"s00-baseline","shared":true,"entityCount":13,"uniqueMeshHandles":5,"publications":0,"actualMirrorEntriesUpdated":10,"versions":[1,1,1,1,1,1,1,1,1]},{"session":"live","state":"s01-baseline--noop","shared":true,"entityCount":13,"uniqueMeshHandles":5,"publications":0,"actualMirrorEntriesUpdated":0,"versions":[1,1,1,1,1,1,1,1,1]},{"session":"live","state":"s02-grow","shared":true,"entityCount":13,"uniqueMeshHandles":5,"publications":3,"actualMirrorEntriesUpdated":3,"versions":[2,2,2,2,2,2,2,2,2]},{"session":"live","state":"s03-grow--noop","shared":true,"entityCount":13,"uniqueMeshHandles":5,"publications":3,"actualMirrorEntriesUpdated":0,"versions":[2,2,2,2,2,2,2,2,2]},{"session":"live","state":"s04-shrink","shared":true,"entityCount":13,"uniqueMeshHandles":5,"publications":6,"actualMirrorEntriesUpdated":3,"versions":[3,3,3,3,3,3,3,3,3]},{"session":"live","state":"s05-baseline","shared":true,"entityCount":13,"uniqueMeshHandles":5,"publications":9,"actualMirrorEntriesUpdated":3,"versions":[4,4,4,4,4,4,4,4,4]},{"session":"live","state":"s06-grow","shared":true,"entityCount":13,"uniqueMeshHandles":5,"publications":12,"actualMirrorEntriesUpdated":3,"versions":[5,5,5,5,5,5,5,5,5]},{"session":"live","state":"s07-baseline","shared":true,"entityCount":13,"uniqueMeshHandles":5,"publications":15,"actualMirrorEntriesUpdated":3,"versions":[6,6,6,6,6,6,6,6,6]},{"session":"shared-baseline","state":"s00-shared-baseline","shared":true,"entityCount":13,"uniqueMeshHandles":5,"publications":0,"actualMirrorEntriesUpdated":10,"versions":[1,1,1,1,1,1,1,1,1]},{"session":"shared-grow","state":"s00-shared-grow","shared":true,"entityCount":13,"uniqueMeshHandles":5,"publications":0,"actualMirrorEntriesUpdated":10,"versions":[1,1,1,1,1,1,1,1,1]},{"session":"shared-shrink","state":"s00-shared-shrink","shared":true,"entityCount":13,"uniqueMeshHandles":5,"publications":0,"actualMirrorEntriesUpdated":10,"versions":[1,1,1,1,1,1,1,1,1]},{"session":"unshared-baseline","state":"s00-unshared-baseline","shared":false,"entityCount":13,"uniqueMeshHandles":11,"publications":0,"actualMirrorEntriesUpdated":16,"versions":[1,1,1,1,1,1,1,1,1]},{"session":"unshared-grow","state":"s00-unshared-grow","shared":false,"entityCount":13,"uniqueMeshHandles":11,"publications":0,"actualMirrorEntriesUpdated":16,"versions":[1,1,1,1,1,1,1,1,1]},{"session":"unshared-shrink","state":"s00-unshared-shrink","shared":false,"entityCount":13,"uniqueMeshHandles":11,"publications":0,"actualMirrorEntriesUpdated":16,"versions":[1,1,1,1,1,1,1,1,1]}],"negativeControls":["missing-second","missing-third","stale-second","stale-third","duplicate-publication","wrong-transform","stale-range","missing-index-buffer","stale-index-range","stale-raw-index","missing-snapshot-second","stale-snapshot-third","stale-mirror-version","stale-mirror-bytes","old-shadow-after-clear-only","wrong-sampled-shadow-content","not-submitted","orphan-command","wrong-count","wrong-start","wrong-first-instance","missing-second-instance","missing-third-instance","wrong-exact-vertex-buffer","wrong-exact-transform-buffer","wrong-bound-range","wrong-bound-offset","unwritten-active-bytes","stale-upload","guessed-pass-label","wrong-shadow-texture","wrong-indirect-active-count","wrong-indirect-first-instance","wrong-indirect-three-instance-count","wrong-indirect-first-index","negative-signed-base-vertex","positive-base-vertex","different-argument-buffer-same-label","first-instance-feature-missing","wrong-index-buffer-object","wrong-index-format","wrong-index-binding-offset","truncated-index-binding","stale-index-bytes","wrong-index-submit-version","index-gpu-storage-usage","index-query-resolve-usage","index-unproven-mutation","stale-indirect-argument-submission","unsubmitted-indirect-draw","wrong-indirect-object-same-label","indirect-stale-geometry-bytes","indirect-wrong-packed-transform"],"browsersLaunched":0,"serversStarted":0,"identityIndexing":{"topologies":3,"pipeInstancesPerState":9,"originalCornerStreamsExact":true,"localBoundsExact":true,"deduplication":false,"memoryClaim":false},"indexedCommandChain":{"actualCompiledPlanner":true,"actualCompiledConverter":true,"actualCompiledExecutor":true,"simulatedDeviceOnly":true,"slotBytes":20,"decoded":[[288,3,0,0,0],[288,3,0,0,3],[96,3,0,0,6]],"methods":["drawIndexedIndirect","drawIndexedIndirect","drawIndexedIndirect"],"nativeExecution":false},"indexedCommandChains":[{"session":"shared-baseline","actualCompiledPlanner":true,"actualCompiledConverter":true,"actualCompiledExecutor":true,"simulatedDeviceOnly":true,"slotBytes":20,"decoded":[[864,3,0,0,0],[864,3,0,0,3],[144,3,0,0,6]],"methods":["drawIndexedIndirect","drawIndexedIndirect","drawIndexedIndirect"],"nativeExecution":false},{"session":"shared-grow","actualCompiledPlanner":true,"actualCompiledConverter":true,"actualCompiledExecutor":true,"simulatedDeviceOnly":true,"slotBytes":20,"decoded":[[2304,3,0,0,0],[2304,3,0,0,3],[192,3,0,0,6]],"methods":["drawIndexedIndirect","drawIndexedIndirect","drawIndexedIndirect"],"nativeExecution":false},{"session":"shared-shrink","actualCompiledPlanner":true,"actualCompiledConverter":true,"actualCompiledExecutor":true,"simulatedDeviceOnly":true,"slotBytes":20,"decoded":[[288,3,0,0,0],[288,3,0,0,3],[96,3,0,0,6]],"methods":["drawIndexedIndirect","drawIndexedIndirect","drawIndexedIndirect"],"nativeExecution":false}],"eligibility":{"actualCompiledPacking":true,"actualCompiledDrawList":true,"coalescedRuns":[{"mesh":"prepared-mesh:mesh:pipe.hollow-elbow.inner.mesh","instances":3,"packedOffset":0},{"mesh":"prepared-mesh:mesh:pipe.hollow-elbow.outer.mesh","instances":3,"packedOffset":48},{"mesh":"prepared-mesh:mesh:pipe.hollow-elbow.rims.mesh","instances":3,"packedOffset":96}],"unsharedPacked":false,"nativeActivation":"unrun"},"syntheticCaptureBytes":6671747,"indirectSyntheticCaptureBytes":6671747,"compiledIndirectRoute":{"actualCompiledConversion":true,"actualCompiledExecutor":true,"argumentAllocationUsage":264,"slotBytes":20,"formats":[16,20],"nativeExecution":false},"sizeEstimates":{"rows":[{"session":"shared-grow","syntheticEvidenceBytes":6671176,"metadataReserveBytes":2097152,"maximumRecordBytes":16777216},{"session":"unshared-grow","syntheticEvidenceBytes":10480220,"metadataReserveBytes":2097152,"maximumRecordBytes":16777216}],"limitation":"CPU synthetic geometry/byte inventories plus conservative metadata reserve; actual native record remains independently bounded and must fail rather than exceed the unchanged gate."}}
✔ identity indexing preserves exact corner streams, normals, UVs and bounds at every topology (36.578234ms)
✔ actual installed packing and coalescing algorithms activate for all three shared groups (15.219145ms)
✔ fail-closed controls cover missing/stale second and third instances and per-entity publications (1436.984175ms)
✔ synthetic native joins reject wrong ranges, packed offsets, exact buffer objects and orphan commands (6171.832759ms)
✔ source-pinned shadow classifier equals installed built-in shader (16.600988ms)
▶ three indirect pipe draws retain exact current geometry, three instances and packed-transform gates
  ✔ wrong-indirect-active-count (328.179521ms)
  ✔ wrong-indirect-first-instance (307.308242ms)
  ✔ wrong-indirect-three-instance-count (315.511751ms)
  ✔ wrong-indirect-first-index (358.399904ms)
  ✔ negative-signed-base-vertex (319.383669ms)
  ✔ positive-base-vertex (308.957131ms)
  ✔ different-argument-buffer-same-label (413.545961ms)
  ✔ first-instance-feature-missing (311.101197ms)
  ✔ wrong-index-buffer-object (623.775861ms)
  ✔ wrong-index-format (453.973492ms)
  ✔ wrong-index-binding-offset (298.832464ms)
  ✔ truncated-index-binding (314.96041ms)
  ✔ stale-index-bytes (325.732214ms)
  ✔ wrong-index-submit-version (348.631932ms)
  ✔ index-gpu-storage-usage (376.856094ms)
  ✔ index-query-resolve-usage (292.43206ms)
  ✔ index-unproven-mutation (311.17417ms)
  ✔ stale-indirect-argument-submission (290.950507ms)
  ✔ unsubmitted-indirect-draw (338.2037ms)
  ✔ wrong-indirect-object-same-label (296.798981ms)
  ✔ indirect-stale-geometry-bytes (331.737967ms)
  ✔ indirect-wrong-packed-transform (304.455263ms)
✔ three indirect pipe draws retain exact current geometry, three instances and packed-transform gates (8077.978909ms)
✔ installed indirect conversion and native executor preserve 20-byte slots, 16/20-byte payloads and actual method (1.157855ms)
✔ bounded serialized synthetic capture estimates retain sixteen MiB recorder gate (411.133305ms)
✔ nonindexed sentinel accepts an unused retained index binding (42.754227ms)
▶ synthetic renderer diagnostics preserve prepared versions, cache, no-op and reset gates
  ✔ stale-prepared-source-version (47.547582ms)
  ✔ missing-prepared-source (50.308371ms)
  ✔ wrong-retained-cache-inventory (50.327531ms)
  ✔ noop-geometry-allocation (19.925055ms)
  ✔ noop-shadow-cache-miss (20.359546ms)
  ✔ reset-geometry-allocation (23.159038ms)
✔ synthetic renderer diagnostics preserve prepared versions, cache, no-op and reset gates (456.540753ms)
✔ 16/20-byte argument formats retain method, nonzero slot offsets and signed baseVertex (2.027627ms)
▶ indirect evidence fails closed on truncation, alignment, initialization, object, version and usage defects
  ✔ missing-buffer (0.418708ms)
  ✔ misaligned-offset (0.234124ms)
  ✔ negative-offset (0.147524ms)
  ✔ unsafe-offset (0.206063ms)
  ✔ truncated-allocation (0.384892ms)
  ✔ truncated-preserved-bytes (0.143381ms)
  ✔ missing-written-ranges (0.236614ms)
  ✔ unwritten-last-byte (0.221343ms)
  ✔ unwritten-middle (0.743227ms)
  ✔ invalid-byte (0.322452ms)
  ✔ sparse-byte (1.742923ms)
  ✔ same-label-different-object (0.161327ms)
  ✔ ambiguous-object (0.321106ms)
  ✔ stale-submission (1.623517ms)
  ✔ missing-version (0.712545ms)
  ✔ zero-version (0.135753ms)
  ✔ destroyed-buffer (0.08255ms)
  ✔ no-upload (0.119418ms)
  ✔ missing-indirect-usage (0.089031ms)
  ✔ gpu-storage-writable (0.142261ms)
  ✔ query-resolve-writable (0.131102ms)
  ✔ unproven-copy-clear (0.334329ms)
  ✔ missing-uncertainty-record (0.103607ms)
  ✔ first-instance-feature-absent (0.111875ms)
  ✔ unsubmitted-command (0.089814ms)
  ✔ wrong-encoder (0.062066ms)
  ✔ orphan-submission (0.103458ms)
  ✔ fabricated-direct-count (0.154195ms)
  ✔ fabricated-direct-instance-count (0.140865ms)
✔ indirect evidence fails closed on truncation, alignment, initialization, object, version and usage defects (13.360374ms)
✔ actual indirect call buffer/offset and submit-time versions survive bundles, rewrites and later writes (2.893236ms)
✔ observer captures indexed signed arguments and refuses same-label substitution, unsubmitted and failed submission (3.130235ms)
▶ encoded copy/clear/texture/query mutations fail closed only after submission and CPU overwrites reestablish exact ranges
  ✔ copyBufferToBuffer (1.804088ms)
  ✔ clearBuffer (0.999543ms)
  ✔ copyTextureToBuffer (2.362861ms)
  ✔ resolveQuerySet (0.842308ms)
✔ encoded copy/clear/texture/query mutations fail closed only after submission and CPU overwrites reestablish exact ranges (6.633555ms)
✔ GPU-writable arguments remain unproven even after complete CPU upload (0.467195ms)
✔ observer preserves submit object joins, bundles, changed buffer versions and honest texture cache invalidation (6.155526ms)
ℹ tests 80
ℹ suites 0
ℹ pass 80
ℹ fail 0
ℹ cancelled 0
ℹ skipped 0
ℹ todo 0
ℹ duration_ms 21817.102558
