{"run": "run-9e4f7ceee404400b880bc64df6422f59", "temporary_directory": "/workspace/scratch/0190a8c72f8a/aperture-tmp/run-9e4f7ceee404400b880bc64df6422f59"}
benchmarks/indexed-shared-mesh-fanout-20261004/author-a/frame-proof.mjs 65ms (unchanged)
benchmarks/indexed-shared-mesh-fanout-20261004/author-a/legacy-scene.mjs 100ms (unchanged)
benchmarks/indexed-shared-mesh-fanout-20261004/author-a/main.mjs 31ms (unchanged)
benchmarks/indexed-shared-mesh-fanout-20261004/author-a/mirror-observer.mjs 5ms (unchanged)
benchmarks/indexed-shared-mesh-fanout-20261004/author-a/native-evidence.mjs 13ms (unchanged)
benchmarks/indexed-shared-mesh-fanout-20261004/author-a/scene-system.mjs 33ms (unchanged)
benchmarks/indexed-shared-mesh-fanout-20261004/author-a/scene.mjs 6ms (unchanged)
benchmarks/indexed-shared-mesh-fanout-20261004/author-a/worker.mjs 5ms (unchanged)
benchmarks/indexed-shared-mesh-fanout-20261004/contract.mjs 12ms (unchanged)
benchmarks/indexed-shared-mesh-fanout-20261004/cpu-loader.mjs 9ms (unchanged)
benchmarks/indexed-shared-mesh-fanout-20261004/cpu.test.mjs 96ms (unchanged)
benchmarks/indexed-shared-mesh-fanout-20261004/fanout-checks.mjs 43ms (unchanged)
benchmarks/indexed-shared-mesh-fanout-20261004/harness/base-checks.mjs 21ms (unchanged)
benchmarks/indexed-shared-mesh-fanout-20261004/harness/checks.mjs 3ms (unchanged)
benchmarks/indexed-shared-mesh-fanout-20261004/harness/client.mjs 17ms (unchanged)
benchmarks/indexed-shared-mesh-fanout-20261004/harness/contract.mjs 2ms (unchanged)
benchmarks/indexed-shared-mesh-fanout-20261004/harness/recorder.mjs 30ms (unchanged)
benchmarks/indexed-shared-mesh-fanout-20261004/indirect-evidence.mjs 9ms (unchanged)
benchmarks/indexed-shared-mesh-fanout-20261004/indirect.test.mjs 27ms (unchanged)
benchmarks/indexed-shared-mesh-fanout-20261004/inputs.mjs 8ms (unchanged)
benchmarks/indexed-shared-mesh-fanout-20261004/native-observer.mjs 43ms (unchanged)
benchmarks/indexed-shared-mesh-fanout-20261004/observer.test.mjs 16ms (unchanged)
benchmarks/indexed-shared-mesh-fanout-20261004/preflight.mjs 10ms (unchanged)
benchmarks/indexed-shared-mesh-fanout-20261004/prepare.mjs 17ms
benchmarks/indexed-shared-mesh-fanout-20261004/revalidate.mjs 2ms (unchanged)
benchmarks/indexed-shared-mesh-fanout-20261004/run.mjs 27ms (unchanged)
benchmarks/indexed-shared-mesh-fanout-20261004/shader-contract.mjs 1ms (unchanged)
benchmarks/indexed-shared-mesh-fanout-20261004/topology.mjs 21ms (unchanged)
benchmarks/indexed-shared-mesh-fanout-20261004/verify-prepared.mjs 4ms
benchmarks/indexed-shared-mesh-fanout-20261004/README.md 53ms (unchanged)
