{"run": "run-e6b79cf033d54a78bb2b7b71df1d1fe9", "temporary_directory": "/workspace/scratch/0190a8c72f8a/aperture-tmp/run-e6b79cf033d54a78bb2b7b71df1d1fe9"}
benchmarks/indexed-shared-mesh-fanout-20261004/author-a/frame-proof.mjs 68ms (unchanged)
benchmarks/indexed-shared-mesh-fanout-20261004/author-a/legacy-scene.mjs 89ms (unchanged)
benchmarks/indexed-shared-mesh-fanout-20261004/author-a/main.mjs 29ms (unchanged)
benchmarks/indexed-shared-mesh-fanout-20261004/author-a/mirror-observer.mjs 4ms (unchanged)
benchmarks/indexed-shared-mesh-fanout-20261004/author-a/native-evidence.mjs 11ms (unchanged)
benchmarks/indexed-shared-mesh-fanout-20261004/author-a/scene-system.mjs 26ms (unchanged)
benchmarks/indexed-shared-mesh-fanout-20261004/author-a/scene.mjs 4ms (unchanged)
benchmarks/indexed-shared-mesh-fanout-20261004/author-a/worker.mjs 5ms (unchanged)
benchmarks/indexed-shared-mesh-fanout-20261004/contract.mjs 11ms (unchanged)
benchmarks/indexed-shared-mesh-fanout-20261004/cpu-loader.mjs 7ms (unchanged)
benchmarks/indexed-shared-mesh-fanout-20261004/cpu.test.mjs 70ms
benchmarks/indexed-shared-mesh-fanout-20261004/fanout-checks.mjs 31ms (unchanged)
benchmarks/indexed-shared-mesh-fanout-20261004/harness/base-checks.mjs 15ms (unchanged)
benchmarks/indexed-shared-mesh-fanout-20261004/harness/checks.mjs 2ms (unchanged)
benchmarks/indexed-shared-mesh-fanout-20261004/harness/client.mjs 16ms (unchanged)
benchmarks/indexed-shared-mesh-fanout-20261004/harness/contract.mjs 1ms (unchanged)
benchmarks/indexed-shared-mesh-fanout-20261004/harness/recorder.mjs 18ms (unchanged)
benchmarks/indexed-shared-mesh-fanout-20261004/indirect-evidence.mjs 7ms (unchanged)
benchmarks/indexed-shared-mesh-fanout-20261004/indirect.test.mjs 23ms (unchanged)
benchmarks/indexed-shared-mesh-fanout-20261004/inputs.mjs 6ms (unchanged)
benchmarks/indexed-shared-mesh-fanout-20261004/native-observer.mjs 30ms (unchanged)
benchmarks/indexed-shared-mesh-fanout-20261004/observer.test.mjs 11ms (unchanged)
benchmarks/indexed-shared-mesh-fanout-20261004/preflight.mjs 6ms (unchanged)
benchmarks/indexed-shared-mesh-fanout-20261004/prepare.mjs 10ms
benchmarks/indexed-shared-mesh-fanout-20261004/revalidate.mjs 2ms (unchanged)
benchmarks/indexed-shared-mesh-fanout-20261004/run.mjs 21ms (unchanged)
benchmarks/indexed-shared-mesh-fanout-20261004/shader-contract.mjs 1ms (unchanged)
benchmarks/indexed-shared-mesh-fanout-20261004/topology.mjs 15ms (unchanged)
benchmarks/indexed-shared-mesh-fanout-20261004/verify-prepared.mjs 2ms (unchanged)
benchmarks/indexed-shared-mesh-fanout-20261004/DIAGNOSTICS.md 40ms (unchanged)
benchmarks/indexed-shared-mesh-fanout-20261004/README.md 17ms (unchanged)
