{"run": "run-330d7bce39ca40be8f58f69be31383e3", "temporary_directory": "/workspace/scratch/0190a8c72f8a/aperture-tmp/run-330d7bce39ca40be8f58f69be31383e3"}
import type { ResolvedRenderPassDraw } from "./render-pass-resources.js";
export type RenderPassCommandKind = "setPipeline" | "setBindGroup" | "setVertexBuffer" | "setIndexBuffer" | "beginOcclusionQuery" | "endOcclusionQuery" | "draw" | "drawIndexed" | "drawIndirect" | "drawIndexedIndirect";
export type RenderPassStateCommandKind = "setPipeline" | "setBindGroup" | "setVertexBuffer" | "setIndexBuffer";
export type RenderPassCommandDiagnosticCode = "renderPassCommand.invalidVertexCount" | "renderPassCommand.invalidIndexCount" | "renderPassCommand.invalidTransformOffset";
export interface RenderPassCommandDiagnostic {
    readonly code: RenderPassCommandDiagnosticCode;
    readonly message: string;
    readonly renderId: number;
}
export interface SetPipelineCommand {
    readonly kind: "setPipeline";
    readonly renderId: number;
    readonly pipelineKey: string;
    readonly pipeline: unknown;
}
export interface SetBindGroupCommand {
    readonly kind: "setBindGroup";
    readonly renderId: number;
    readonly index: number;
    readonly resourceKey: string;
    readonly bindGroup: unknown;
}
export interface SetVertexBufferCommand {
    readonly kind: "setVertexBuffer";
    readonly renderId: number;
    readonly slot: number;
    readonly resourceKey: string;
    readonly buffer: unknown;
}
export interface SetIndexBufferCommand {
    readonly kind: "setIndexBuffer";
    readonly renderId: number;
    readonly resourceKey: string;
    readonly buffer: unknown;
    readonly format: string;
}
export interface BeginOcclusionQueryCommand {
    readonly kind: "beginOcclusionQuery";
    readonly renderId: number;
    readonly queryIndex: number;
}
export interface EndOcclusionQueryCommand {
    readonly kind: "endOcclusionQuery";
    readonly renderId: number;
    readonly queryIndex: number;
}
export interface DrawCommand {
    readonly kind: "draw";
    readonly renderId: number;
    readonly vertexCount: number;
    readonly instanceCount: number;
    readonly firstVertex: number;
    readonly firstInstance: number;
}
export interface DrawIndexedCommand {
    readonly kind: "drawIndexed";
    readonly renderId: number;
    readonly indexCount: number;
    readonly instanceCount: number;
    readonly firstIndex: number;
    readonly baseVertex: number;
    readonly firstInstance: number;
}
export interface DrawIndirectCommand {
    readonly kind: "drawIndirect";
    readonly renderId: number;
    readonly resourceKey: string;
    readonly buffer: unknown;
    readonly offset: number;
    readonly vertexCount: number;
    readonly instanceCount: number;
    readonly firstVertex: number;
    readonly firstInstance: number;
}
export interface DrawIndexedIndirectCommand {
    readonly kind: "drawIndexedIndirect";
    readonly renderId: number;
    readonly resourceKey: string;
    readonly buffer: unknown;
    readonly offset: number;
    readonly indexCount: number;
    readonly instanceCount: number;
    readonly firstIndex: number;
    readonly baseVertex: number;
    readonly firstInstance: number;
}
export type RenderPassCommand = SetPipelineCommand | SetBindGroupCommand | SetVertexBufferCommand | SetIndexBufferCommand | BeginOcclusionQueryCommand | EndOcclusionQueryCommand | DrawCommand | DrawIndexedCommand | DrawIndirectCommand | DrawIndexedIndirectCommand;
export interface RenderPassCommandPlanOptions {
    readonly draws: readonly ResolvedRenderPassDraw[];
}
export interface RenderPassCommandPlan {
    readonly valid: boolean;
    readonly commands: readonly RenderPassCommand[];
    readonly drawCount: number;
    readonly indexedDrawCount: number;
    readonly nonIndexedDrawCount: number;
    readonly occlusionQueryCount: number;
    readonly occlusionQueryRenderIds: readonly number[];
    readonly pressure: RenderPassCommandPressureReport;
    readonly diagnostics: readonly RenderPassCommandDiagnostic[];
}
export interface RenderPassStateCommandPressure {
    readonly planned: number;
    readonly emitted: number;
    readonly elided: number;
}
export interface RenderPassStateCommandPressureReport extends RenderPassStateCommandPressure {
    readonly setPipeline: RenderPassStateCommandPressure;
    readonly setBindGroup: RenderPassStateCommandPressure;
    readonly setVertexBuffer: RenderPassStateCommandPressure;
    readonly setIndexBuffer: RenderPassStateCommandPressure;
}
export interface RenderPassCommandPressureReport {
    readonly resolvedDraws: number;
    readonly drawCommands: number;
    readonly stateCommands: RenderPassStateCommandPressureReport;
}
export interface RenderPassCommandScratch {
    readonly commands: RenderPassCommand[];
    readonly diagnostics: RenderPassCommandDiagnostic[];
    readonly commandPool: RenderPassCommand[];
    readonly sortedBindGroups: ResolvedRenderPassDraw["bindGroups"][number][];
    readonly activeBindGroupResourceKeys: Map<number, string>;
    readonly activeBindGroups: Map<number, unknown>;
    readonly activeVertexBufferResourceKeys: Map<number, string>;
    readonly activeVertexBuffers: Map<number, unknown>;
    readonly occlusionQueryRenderIds: number[];
    readonly pressure: RenderPassCommandPressureReport;
    readonly plan: RenderPassCommandPlan;
}
export declare function planRenderPassCommands(options: RenderPassCommandPlanOptions): RenderPassCommandPlan;
export declare function createRenderPassCommandScratch(capacity?: number): RenderPassCommandScratch;
export declare function writeRenderPassCommands(options: RenderPassCommandPlanOptions, scratch: RenderPassCommandScratch): RenderPassCommandPlan;
//# sourceMappingURL=render-pass-commands.d.ts.mapimport type { DrawCommandDescriptor, DrawCommandDescriptorDiagnostic } from "../draw/draw-command.js";
import type { GetOrCreateRenderPipelineResult } from "../../gpu/pipeline-cache-integration.js";
import type { UnlitBindGroupResource } from "../../materials/unlit/unlit-bind-group.js";
export declare const DRAW_ORDER_WORLD_TRANSFORM_BIND_GROUP_SCOPE_KEY = "__aperture_draw_order_world_transforms__";
export type RenderPassDrawListDiagnosticCode = "renderPassDrawList.missingPipelineResource" | "renderPassDrawList.missingBindGroupResource";
export interface RenderPassDrawListDiagnostic {
    readonly code: RenderPassDrawListDiagnosticCode;
    readonly message: string;
    readonly renderId: number;
    readonly pipelineKey?: string;
    readonly bindGroup?: {
        readonly group: number;
        readonly materialResourceKey?: string;
    };
}
export interface RenderPassDrawListRecord {
    readonly renderId: number;
    readonly pipelineKey: string;
    readonly bindGroupKeys: readonly string[];
    readonly meshResourceKey: string;
    readonly materialResourceKey: string;
    readonly vertexBufferKeys: readonly string[];
    readonly vertexCount: number;
    readonly vertexStart?: number;
    readonly indexBufferKey: string | null;
    readonly indexCount: number | null;
    readonly indexStart?: number | null;
    readonly instanceCount: number;
    readonly transformPackedOffset: number;
    readonly occlusionQuery?: boolean;
}
export interface RenderPassDrawListOptions {
    readonly drawCommands: readonly DrawCommandDescriptor[];
    readonly pipelines: readonly GetOrCreateRenderPipelineResult[];
    readonly bindGroups: readonly UnlitBindGroupResource[];
    readonly requiredBindGroupGroups?: readonly number[];
}
export interface RenderPassDrawListPlan {
    readonly valid: boolean;
    readonly draws: readonly RenderPassDrawListRecord[];
    readonly diagnostics: readonly (DrawCommandDescriptorDiagnostic | RenderPassDrawListDiagnostic)[];
}
export interface RenderPassDrawListScratch {
    readonly draws: RenderPassDrawListRecord[];
    readonly diagnostics: RenderPassDrawListDiagnostic[];
    readonly drawPool: RenderPassDrawListRecord[];
    readonly pipelineKeys: Set<string>;
    readonly resolvedBindGroups: UnlitBindGroupResource[];
    readonly plan: RenderPassDrawListPlan;
}
export declare function planRenderPassDrawList(options: RenderPassDrawListOptions): RenderPassDrawListPlan;
export declare function createRenderPassDrawListScratch(capacity?: number): RenderPassDrawListScratch;
export declare function writeRenderPassDrawList(options: RenderPassDrawListOptions, scratch: RenderPassDrawListScratch): RenderPassDrawListPlan;
//# sourceMappingURL=render-pass-draw-list.d.ts.mapimport { requiredBindGroupGroupsForPipelineKey } from "../../materials/core/material-pipeline-selection.js";
import { skinningJointBufferResourceKeyForRenderId } from "../../resources/attributes/skinning-joint-buffer.js";
export const DRAW_ORDER_WORLD_TRANSFORM_BIND_GROUP_SCOPE_KEY = "__aperture_draw_order_world_transforms__";
export function planRenderPassDrawList(options) {
    const scratch = createRenderPassDrawListScratch();
    writeRenderPassDrawList(options, scratch);
    return scratch.plan;
}
export function createRenderPassDrawListScratch(capacity = 0) {
    const draws = [];
    const diagnostics = [];
    const drawPool = [];
    for (let i = 0; i < capacity; i += 1) {
        drawPool.push(createEmptyDrawListRecord());
    }
    return {
        draws,
        diagnostics,
        drawPool,
        pipelineKeys: new Set(),
        resolvedBindGroups: [],
        plan: { valid: true, draws, diagnostics },
    };
}
export function writeRenderPassDrawList(options, scratch) {
    scratch.draws.length = 0;
    scratch.diagnostics.length = 0;
    scratch.pipelineKeys.clear();
    for (const pipeline of options.pipelines) {
        if (pipeline.ok) {
            scratch.pipelineKeys.add(pipeline.key);
        }
    }
    for (const command of options.drawCommands) {
        let ready = true;
        const requiredGroups = options.requiredBindGroupGroups ??
            command.requiredBindGroupGroups ??
            requiredBindGroupGroupsForPipelineKey(command.pipelineKey);
        if (!scratch.pipelineKeys.has(command.pipelineKey)) {
            scratch.diagnostics.push({
                code: "renderPassDrawList.missingPipelineResource",
                renderId: command.renderId,
                pipelineKey: command.pipelineKey,
                message: `Missing render pipeline resource '${command.pipelineKey}' for render id ${command.renderId}.`,
            });
            ready = false;
        }
        const bindGroups = resolveBindGroups(command, options.bindGroups, requiredGroups, scratch);
        if (bindGroups.length !== requiredGroups.length) {
            ready = false;
        }
        if (!ready) {
            continue;
        }
        const previous = scratch.draws[scratch.draws.length - 1];
        if (canCoalesceDrawListRecord(previous, command, bindGroups)) {
            previous.instanceCount += 1;
            continue;
        }
        const record = drawListRecordAt(scratch, scratch.draws.length);
        record.renderId = command.renderId;
        record.pipelineKey = command.pipelineKey;
        record.bindGroupKeys.length = 0;
        for (const bindGroup of bindGroups) {
            record.bindGroupKeys.push(bindGroup.resourceKey);
        }
        record.meshResourceKey = command.meshResourceKey;
        record.materialResourceKey = command.materialResourceKey;
        record.vertexBufferKeys.length = 0;
        for (const vertexBufferKey of command.vertexBufferKeys) {
            record.vertexBufferKeys.push(vertexBufferKey);
        }
        record.vertexCount = command.vertexCount;
        record.vertexStart = command.vertexStart ?? 0;
        record.indexBufferKey = command.indexBufferKey;
        record.indexCount = command.indexCount;
        record.indexStart = command.indexStart ?? null;
        record.instanceCount = 1;
        record.transformPackedOffset = command.transformPackedOffset;
        if (command.occlusionQuery === true) {
            record.occlusionQuery = true;
        }
        else {
            delete record.occlusionQuery;
        }
        scratch.draws.push(record);
    }
    scratch.plan.valid =
        scratch.diagnostics.length === 0;
    return scratch.plan;
}
function canCoalesceDrawListRecord(previous, command, bindGroups) {
    if (previous === undefined) {
        return false;
    }
    return (previous.pipelineKey === command.pipelineKey &&
        previous.meshResourceKey === command.meshResourceKey &&
        previous.materialResourceKey === command.materialResourceKey &&
        previous.vertexCount === command.vertexCount &&
        previous.vertexStart === (command.vertexStart ?? 0) &&
        previous.indexBufferKey === command.indexBufferKey &&
        previous.indexCount === command.indexCount &&
        previous.indexStart === (command.indexStart ?? null) &&
        previous.occlusionQuery !== true &&
        command.occlusionQuery !== true &&
        previous.transformPackedOffset + previous.instanceCount * 16 ===
            command.transformPackedOffset &&
        stringArraysMatch(previous.vertexBufferKeys, command.vertexBufferKeys) &&
        bindGroupKeysMatch(previous.bindGroupKeys, bindGroups));
}
function stringArraysMatch(a, b) {
    if (a.length !== b.length) {
        return false;
    }
    for (let index = 0; index < a.length; index += 1) {
        if (a[index] !== b[index]) {
            return false;
        }
    }
    return true;
}
function bindGroupKeysMatch(a, b) {
    if (a.length !== b.length) {
        return false;
    }
    for (let index = 0; index < a.length; index += 1) {
        if (a[index] !== b[index]?.resourceKey) {
            return false;
        }
    }
    return true;
}
function resolveBindGroups(command, bindGroups, requiredGroups, scratch) {
    scratch.resolvedBindGroups.length = 0;
    for (const group of requiredGroups) {
        const bindGroup = findBindGroup(command, bindGroups, group, scratch);
        if (bindGroup === undefined) {
            scratch.diagnostics.push({
                code: "renderPassDrawList.missingBindGroupResource",
                renderId: command.renderId,
/** Synthetic CPU checks of evidence handling; no native GPU or browser execution. */
import test from "node:test";
import assert from "node:assert/strict";
import { decodeSubmittedDraw } from "./indirect-evidence.mjs";
import {
  installNativeObserver,
  expandNativeScope,
} from "./native-observer.mjs";
const clone = (v) => structuredClone(v);
const commands = [{ id: 10, encoderId: 11, submissionSerial: 2 }];
function argumentsBytes(indexed = false, offset = 20) {
  const bytes = new Uint8Array(offset + (indexed ? 20 : 16)),
    view = new DataView(bytes.buffer);
  for (const [i, n] of [99, 3, 7, indexed ? -17 : 6, 6].entries()) {
    if (!indexed && i === 4) break;
    if (indexed && i === 3) view.setInt32(offset + i * 4, n, true);
    else view.setUint32(offset + i * 4, n, true);
  }
  return bytes;
}
function record(indexed = false, offset = 20) {
  const bytes = argumentsBytes(indexed, offset),
    buffer = { id: 9, label: "same-label", allocationBytes: bytes.length };
  return {
    method: indexed ? "drawIndexedIndirect" : "drawIndirect",
    indirect: { buffer, offset },
    commandBufferId: 10,
    commandEncoderId: 11,
    submissionSerial: 2,
    uploads: [
      {
        ...buffer,
        submissionSerial: 2,
        contentVersion: 1,
        writeCalls: 1,
        destroyed: false,
        usage: 264,
        indirectFirstInstanceSupported: true,
        fullUploadBytes: [...bytes],
        writtenRanges: [[offset, bytes.length]],
        uncertainRanges: [],
      },
    ],
  };
}
test("16/20-byte argument formats retain method, nonzero slot offsets and signed baseVertex", () => {
  for (const indexed of [false, true])
    for (const offset of [0, 4, 20, 40]) {
      const raw = record(indexed, offset),
        decoded = decodeSubmittedDraw(raw, commands);
      assert.equal(decoded.method, raw.method);
      assert.equal(decoded.count, 99);
      assert.equal(decoded.instances, 3);
      assert.equal(decoded.start, 7);
      assert.equal(decoded.firstInstance, 6);
      assert.equal(decoded.baseVertex, indexed ? -17 : undefined);
      assert.equal(decoded.firstIndex, indexed ? 7 : undefined);
      assert.equal(decoded.firstVertex, indexed ? undefined : 7);
      assert.equal(decoded.argumentEvidence.byteOffset, offset);
      assert.equal(decoded.argumentEvidence.byteLength, indexed ? 20 : 16);
      assert.equal(raw.count, undefined);
      assert.equal(decoded.argumentSource, "submit-time-upload-observation");
    }
});
test("indirect evidence fails closed on truncation, alignment, initialization, object, version and usage defects", async (t) => {
  const mutations = [
    ["missing-buffer", (r) => delete r.indirect.buffer],
    ["misaligned-offset", (r) => r.indirect.offset++],
    ["negative-offset", (r) => (r.indirect.offset = -4)],
    ["unsafe-offset", (r) => (r.indirect.offset = Number.MAX_SAFE_INTEGER + 1)],
    ["truncated-allocation", (r) => r.indirect.buffer.allocationBytes--],
    ["truncated-preserved-bytes", (r) => r.uploads[0].fullUploadBytes.pop()],
    ["missing-written-ranges", (r) => delete r.uploads[0].writtenRanges],
    ["unwritten-last-byte", (r) => r.uploads[0].writtenRanges[0][1]--],
    [
      "unwritten-middle",
      (r) =>
        (r.uploads[0].writtenRanges = [
          [20, 24],
          [28, 36],
        ]),
    ],
    ["invalid-byte", (r) => (r.uploads[0].fullUploadBytes[20] = 300)],
    ["sparse-byte", (r) => delete r.uploads[0].fullUploadBytes[20]],
    ["same-label-different-object", (r) => (r.uploads[0].id = 99)],
    ["ambiguous-object", (r) => r.uploads.push(clone(r.uploads[0]))],
    ["stale-submission", (r) => r.uploads[0].submissionSerial--],
    ["missing-version", (r) => delete r.uploads[0].contentVersion],
    ["zero-version", (r) => (r.uploads[0].contentVersion = 0)],
    ["destroyed-buffer", (r) => (r.uploads[0].destroyed = true)],
    ["no-upload", (r) => (r.uploads[0].writeCalls = 0)],
    ["missing-indirect-usage", (r) => (r.uploads[0].usage = 8)],
    ["gpu-storage-writable", (r) => (r.uploads[0].usage |= 128)],
    ["query-resolve-writable", (r) => (r.uploads[0].usage |= 512)],
    ["unproven-copy-clear", (r) => (r.uploads[0].uncertainRanges = [[20, 36]])],
    ["missing-uncertainty-record", (r) => delete r.uploads[0].uncertainRanges],
    [
      "first-instance-feature-absent",
      (r) => (r.uploads[0].indirectFirstInstanceSupported = false),
    ],
    ["unsubmitted-command", (r) => r.commandBufferId++],
    ["wrong-encoder", (r) => r.commandEncoderId++],
    ["orphan-submission", (r) => r.submissionSerial++],
    ["fabricated-direct-count", (r) => (r.count = 99)],
    ["fabricated-direct-instance-count", (r) => (r.instances = 3)],
  ];
  for (const [name, mutate] of mutations)
    await t.test(name, () => {
      const r = record();
      mutate(r);
{
  "boot_id": "f6c015b5-9091-4484-955b-cbced8c50cb7",
  "inputs": "ff18f82fbbfc619eef638af76f974cb58b28d27f3ca20434dcc0c3e8d3ef238b",
  "schema": 1,
  "stages": {
    "build": {
      "artifacts": {
        "/workspace/scratch/0190a8c72f8a/aperture-fresh-20261004-1715/packages/app/dist/index.js": "0d4de319689ace6df00d73868940ede89df75e993e643c6840cf9592f30f6d55",
        "/workspace/scratch/0190a8c72f8a/aperture-fresh-20261004-1715/packages/audio/dist/index.js": "cc7ba14c643fa18d6792af22d6fa2218fa3e54f02ba192fc3993bed97bc19ccc",
        "/workspace/scratch/0190a8c72f8a/aperture-fresh-20261004-1715/packages/cli/dist/index.js": "cbbc501d68096bf460b9acb14c8f1549dcae0e700587c746a37d32fd35443839",
        "/workspace/scratch/0190a8c72f8a/aperture-fresh-20261004-1715/packages/math/dist/index.js": "4245a4caf8b42caecc663726c1b279bf3aee1b4fb38fe0d0490da224e369cb73",
        "/workspace/scratch/0190a8c72f8a/aperture-fresh-20261004-1715/packages/particles/dist/index.js": "4ae4e68229f5641bd7cdcfda1e7b3bbe4169ab559371f4fa7a9a8f1abb03a13a",
        "/workspace/scratch/0190a8c72f8a/aperture-fresh-20261004-1715/packages/physics-rapier/dist/index.js": "36e10d73c508024b58ae5855a5325b462aa751f388154e38068448df49f8b3d3",
        "/workspace/scratch/0190a8c72f8a/aperture-fresh-20261004-1715/packages/physics/dist/index.js": "8dd86cd700fb344b057fd5161c0ab204fa3218eede3b94c1d88bdaa57a40d1d7",
        "/workspace/scratch/0190a8c72f8a/aperture-fresh-20261004-1715/packages/render/dist/index.js": "c09051fe00423fd15c1f3d5deb311adcf389789e0673f82dba1505062a58d363",
        "/workspace/scratch/0190a8c72f8a/aperture-fresh-20261004-1715/packages/runtime/dist/index.js": "baa615eb99dafff69d76e02e9da4a3b10edc05d0de6390fc8850b1362d0c2821",
        "/workspace/scratch/0190a8c72f8a/aperture-fresh-20261004-1715/packages/simulation/dist/index.js": "44ed58e28eb9dd05953daed39e1756bab2986f9b097007d441bbf61131457e32",
        "/workspace/scratch/0190a8c72f8a/aperture-fresh-20261004-1715/packages/ui/dist/index.js": "0660d880fd8e419470febf55097393937877dc1f70c8fe7c9a299031a927f492",
        "/workspace/scratch/0190a8c72f8a/aperture-fresh-20261004-1715/packages/vite-plugin/dist/index.js": "7275135865f56a6168525f3093d2a4b78d734259aae94358a83da7f1efc51d8f",
        "/workspace/scratch/0190a8c72f8a/aperture-fresh-20261004-1715/packages/webgpu/dist/index.js": "ac6eeeb893c3ab40668f5b814ba5576202e13fb17097d01edc5f6e0e2930934a"
      },
      "finished_at": 1791135825.4107254,
      "output": "/workspace/scratch/0190a8c72f8a/aperture-fresh-20261004-1715/benchmarks/evidence/staging/recovery-9171299a08524319b97d3114b517c8f1",
      "pid": 7,
      "started_at": 1791135805.7851405,
      "status": "passed"
    },
    "dependencies": {
      "artifacts": {
        "/workspace/scratch/0190a8c72f8a/aperture-fresh-20261004-1715/node_modules/.modules.yaml": "e3a65e4d572a3a671ee1e2eb2c57ddea12815d183887f6f5dd04fc9ac334d0a1",
        "/workspace/scratch/0190a8c72f8a/aperture-fresh-20261004-1715/node_modules/typescript/package.json": "9332e97c30d3e53ed54910b89207ed657fb444066484df6e5b6965bf130865e9"
      },
      "finished_at": 1791135626.059871,
      "output": "/workspace/scratch/0190a8c72f8a/aperture-fresh-20261004-1715/benchmarks/evidence/staging/recovery-5c4d9ceb45004ab6a97fafd156d0366e",
      "pid": 7,
      "started_at": 1791135370.6658843,
      "status": "passed"
    },
    "pnpm": {
      "artifacts": {
        "/workspace/scratch/0190a8c72f8a/aperture-fresh-20261004-1715/.aperture-env/corepack/v1/pnpm/10.12.1/package.json": "c46f322378c41b0be555a99997e0479af1a60ef7d74bb51f3d42b21aaa67f434"
      },
      "finished_at": 1791135158.6059983,
      "output": "/workspace/scratch/0190a8c72f8a/aperture-fresh-20261004-1715/benchmarks/evidence/staging/recovery-115a2b22329c4564896bc69c358137cd",
      "pid": 6,
      "started_at": 1791135145.559483,
      "status": "passed"
    },
    "render": {
      "artifacts": {
